[    0.000000] Linux version 5.15.72-56eae305c-prague-91 (runner@fv-az1430-144) (gcc (Ubuntu 9.4.0-1ubuntu1~20.04.2) 9.4.0, GNU ld (GNU Binutils for Ubuntu) 2.34) #1 SMP Thu May 23 17:02:58 UTC 2024
[    0.000000] Command line: BOOT_IMAGE=/vmlinuz-5.15.72-56eae305c-prague-91 root=/dev/mapper/ubuntu--vg-ubuntu--lv ro
[    0.000000] KERNEL supported cpus:
[    0.000000]   Intel GenuineIntel
[    0.000000]   AMD AuthenticAMD
[    0.000000]   Hygon HygonGenuine
[    0.000000]   Centaur CentaurHauls
[    0.000000]   zhaoxin   Shanghai  
[    0.000000] x86/fpu: Supporting XSAVE feature 0x001: 'x87 floating point registers'
[    0.000000] x86/fpu: Supporting XSAVE feature 0x002: 'SSE registers'
[    0.000000] x86/fpu: Supporting XSAVE feature 0x004: 'AVX registers'
[    0.000000] x86/fpu: xstate_offset[2]:  576, xstate_sizes[2]:  256
[    0.000000] x86/fpu: Enabled xstate features 0x7, context size is 832 bytes, using 'compacted' format.
[    0.000000] signal: max sigframe size: 1776
[    0.000000] BIOS-provided physical RAM map:
[    0.000000] BIOS-e820: [mem 0x0000000000000000-0x000000000009e7ff] usable
[    0.000000] BIOS-e820: [mem 0x000000000009e800-0x000000000009ffff] reserved
[    0.000000] BIOS-e820: [mem 0x00000000000dc000-0x00000000000fffff] reserved
[    0.000000] BIOS-e820: [mem 0x0000000000100000-0x00000000bfecffff] usable
[    0.000000] BIOS-e820: [mem 0x00000000bfed0000-0x00000000bfefefff] ACPI data
[    0.000000] BIOS-e820: [mem 0x00000000bfeff000-0x00000000bfefffff] ACPI NVS
[    0.000000] BIOS-e820: [mem 0x00000000bff00000-0x00000000bfffffff] usable
[    0.000000] BIOS-e820: [mem 0x00000000f0000000-0x00000000f7ffffff] reserved
[    0.000000] BIOS-e820: [mem 0x00000000fec00000-0x00000000fec0ffff] reserved
[    0.000000] BIOS-e820: [mem 0x00000000fee00000-0x00000000fee00fff] reserved
[    0.000000] BIOS-e820: [mem 0x00000000fffe0000-0x00000000ffffffff] reserved
[    0.000000] BIOS-e820: [mem 0x0000000100000000-0x000000013fffffff] usable
[    0.000000] NX (Execute Disable) protection: active
[    0.000000] SMBIOS 2.7 present.
[    0.000000] DMI: VMware, Inc. VMware Virtual Platform/440BX Desktop Reference Platform, BIOS 6.00 11/12/2020
[    0.000000] vmware: hypercall mode: 0x02
[    0.000000] Hypervisor detected: VMware
[    0.000000] vmware: TSC freq read from hypervisor : 2419.200 MHz
[    0.000000] vmware: Host bus clock speed read from hypervisor : 66000000 Hz
[    0.000000] vmware: using clock offset of 6812714507 ns
[    0.000012] tsc: Detected 2419.200 MHz processor
[    0.001243] e820: update [mem 0x00000000-0x00000fff] usable ==> reserved
[    0.001245] e820: remove [mem 0x000a0000-0x000fffff] usable
[    0.001250] last_pfn = 0x140000 max_arch_pfn = 0x400000000
[    0.001281] x86/PAT: Configuration [0-7]: WB  WC  UC- UC  WB  WP  UC- WT  
[    0.001290] total RAM covered: 130048M
[    0.001363] Found optimal setting for mtrr clean up
[    0.001364]  gran_size: 64K 	chunk_size: 64K 	num_reg: 7  	lose cover RAM: 0G
[    0.001392] e820: update [mem 0xc0000000-0xffffffff] usable ==> reserved
[    0.001396] last_pfn = 0xc0000 max_arch_pfn = 0x400000000
[    0.007213] found SMP MP-table at [mem 0x000f6a70-0x000f6a7f]
[    0.007226] Using GB pages for direct mapping
[    0.007336] RAMDISK: [mem 0x2c3d5000-0x321e1fff]
[    0.007340] ACPI: Early table checksum verification disabled
[    0.007344] ACPI: RSDP 0x00000000000F6A00 000024 (v02 PTLTD )
[    0.007347] ACPI: XSDT 0x00000000BFEDC633 00005C (v01 INTEL  440BX    06040000 VMW  01324272)
[    0.007352] ACPI: FACP 0x00000000BFEFEE73 0000F4 (v04 INTEL  440BX    06040000 PTL  000F4240)
[    0.007357] ACPI: DSDT 0x00000000BFEDD9E8 02148B (v01 PTLTD  Custom   06040000 MSFT 03000001)
[    0.007368] ACPI: FACS 0x00000000BFEFFFC0 000040
[    0.007371] ACPI: FACS 0x00000000BFEFFFC0 000040
[    0.007374] ACPI: BOOT 0x00000000BFEDD9C0 000028 (v01 PTLTD  $SBFTBL$ 06040000  LTP 00000001)
[    0.007376] ACPI: APIC 0x00000000BFEDD27E 000742 (v01 PTLTD  ? APIC   06040000  LTP 00000000)
[    0.007379] ACPI: MCFG 0x00000000BFEDD242 00003C (v01 PTLTD  $PCITBL$ 06040000  LTP 00000001)
[    0.007382] ACPI: SRAT 0x00000000BFEDC72F 0008D0 (v02 VMWARE MEMPLUG  06040000 VMW  00000001)
[    0.007384] ACPI: HPET 0x00000000BFEDC6F7 000038 (v01 VMWARE VMW HPET 06040000 VMW  00000001)
[    0.007387] ACPI: WAET 0x00000000BFEDC6CF 000028 (v01 VMWARE VMW WAET 06040000 VMW  00000001)
[    0.007389] ACPI: Reserving FACP table memory at [mem 0xbfefee73-0xbfefef66]
[    0.007390] ACPI: Reserving DSDT table memory at [mem 0xbfedd9e8-0xbfefee72]
[    0.007391] ACPI: Reserving FACS table memory at [mem 0xbfefffc0-0xbfefffff]
[    0.007392] ACPI: Reserving FACS table memory at [mem 0xbfefffc0-0xbfefffff]
[    0.007393] ACPI: Reserving BOOT table memory at [mem 0xbfedd9c0-0xbfedd9e7]
[    0.007393] ACPI: Reserving APIC table memory at [mem 0xbfedd27e-0xbfedd9bf]
[    0.007394] ACPI: Reserving MCFG table memory at [mem 0xbfedd242-0xbfedd27d]
[    0.007394] ACPI: Reserving SRAT table memory at [mem 0xbfedc72f-0xbfedcffe]
[    0.007395] ACPI: Reserving HPET table memory at [mem 0xbfedc6f7-0xbfedc72e]
[    0.007396] ACPI: Reserving WAET table memory at [mem 0xbfedc6cf-0xbfedc6f6]
[    0.007421] system APIC only can use physical flat
[    0.007422] Setting APIC routing to physical flat.
[    0.007452] SRAT: PXM 0 -> APIC 0x00 -> Node 0
[    0.007453] SRAT: PXM 0 -> APIC 0x01 -> Node 0
[    0.007454] SRAT: PXM 0 -> APIC 0x02 -> Node 0
[    0.007455] SRAT: PXM 0 -> APIC 0x03 -> Node 0
[    0.007455] SRAT: PXM 0 -> APIC 0x04 -> Node 0
[    0.007456] SRAT: PXM 0 -> APIC 0x05 -> Node 0
[    0.007456] SRAT: PXM 0 -> APIC 0x06 -> Node 0
[    0.007457] SRAT: PXM 0 -> APIC 0x07 -> Node 0
[    0.007457] SRAT: PXM 0 -> APIC 0x08 -> Node 0
[    0.007458] SRAT: PXM 0 -> APIC 0x09 -> Node 0
[    0.007458] SRAT: PXM 0 -> APIC 0x0a -> Node 0
[    0.007459] SRAT: PXM 0 -> APIC 0x0b -> Node 0
[    0.007460] SRAT: PXM 0 -> APIC 0x0c -> Node 0
[    0.007460] SRAT: PXM 0 -> APIC 0x0d -> Node 0
[    0.007461] SRAT: PXM 0 -> APIC 0x0e -> Node 0
[    0.007461] SRAT: PXM 0 -> APIC 0x0f -> Node 0
[    0.007462] SRAT: PXM 0 -> APIC 0x10 -> Node 0
[    0.007462] SRAT: PXM 0 -> APIC 0x11 -> Node 0
[    0.007463] SRAT: PXM 0 -> APIC 0x12 -> Node 0
[    0.007463] SRAT: PXM 0 -> APIC 0x13 -> Node 0
[    0.007464] SRAT: PXM 0 -> APIC 0x14 -> Node 0
[    0.007464] SRAT: PXM 0 -> APIC 0x15 -> Node 0
[    0.007465] SRAT: PXM 0 -> APIC 0x16 -> Node 0
[    0.007465] SRAT: PXM 0 -> APIC 0x17 -> Node 0
[    0.007466] SRAT: PXM 0 -> APIC 0x18 -> Node 0
[    0.007466] SRAT: PXM 0 -> APIC 0x19 -> Node 0
[    0.007467] SRAT: PXM 0 -> APIC 0x1a -> Node 0
[    0.007468] SRAT: PXM 0 -> APIC 0x1b -> Node 0
[    0.007468] SRAT: PXM 0 -> APIC 0x1c -> Node 0
[    0.007469] SRAT: PXM 0 -> APIC 0x1d -> Node 0
[    0.007469] SRAT: PXM 0 -> APIC 0x1e -> Node 0
[    0.007470] SRAT: PXM 0 -> APIC 0x1f -> Node 0
[    0.007470] SRAT: PXM 0 -> APIC 0x20 -> Node 0
[    0.007471] SRAT: PXM 0 -> APIC 0x21 -> Node 0
[    0.007471] SRAT: PXM 0 -> APIC 0x22 -> Node 0
[    0.007472] SRAT: PXM 0 -> APIC 0x23 -> Node 0
[    0.007472] SRAT: PXM 0 -> APIC 0x24 -> Node 0
[    0.007473] SRAT: PXM 0 -> APIC 0x25 -> Node 0
[    0.007473] SRAT: PXM 0 -> APIC 0x26 -> Node 0
[    0.007474] SRAT: PXM 0 -> APIC 0x27 -> Node 0
[    0.007474] SRAT: PXM 0 -> APIC 0x28 -> Node 0
[    0.007475] SRAT: PXM 0 -> APIC 0x29 -> Node 0
[    0.007475] SRAT: PXM 0 -> APIC 0x2a -> Node 0
[    0.007476] SRAT: PXM 0 -> APIC 0x2b -> Node 0
[    0.007477] SRAT: PXM 0 -> APIC 0x2c -> Node 0
[    0.007477] SRAT: PXM 0 -> APIC 0x2d -> Node 0
[    0.007478] SRAT: PXM 0 -> APIC 0x2e -> Node 0
[    0.007478] SRAT: PXM 0 -> APIC 0x2f -> Node 0
[    0.007479] SRAT: PXM 0 -> APIC 0x30 -> Node 0
[    0.007479] SRAT: PXM 0 -> APIC 0x31 -> Node 0
[    0.007480] SRAT: PXM 0 -> APIC 0x32 -> Node 0
[    0.007480] SRAT: PXM 0 -> APIC 0x33 -> Node 0
[    0.007481] SRAT: PXM 0 -> APIC 0x34 -> Node 0
[    0.007481] SRAT: PXM 0 -> APIC 0x35 -> Node 0
[    0.007482] SRAT: PXM 0 -> APIC 0x36 -> Node 0
[    0.007482] SRAT: PXM 0 -> APIC 0x37 -> Node 0
[    0.007483] SRAT: PXM 0 -> APIC 0x38 -> Node 0
[    0.007483] SRAT: PXM 0 -> APIC 0x39 -> Node 0
[    0.007484] SRAT: PXM 0 -> APIC 0x3a -> Node 0
[    0.007484] SRAT: PXM 0 -> APIC 0x3b -> Node 0
[    0.007485] SRAT: PXM 0 -> APIC 0x3c -> Node 0
[    0.007485] SRAT: PXM 0 -> APIC 0x3d -> Node 0
[    0.007486] SRAT: PXM 0 -> APIC 0x3e -> Node 0
[    0.007487] SRAT: PXM 0 -> APIC 0x3f -> Node 0
[    0.007487] SRAT: PXM 0 -> APIC 0x40 -> Node 0
[    0.007488] SRAT: PXM 0 -> APIC 0x41 -> Node 0
[    0.007488] SRAT: PXM 0 -> APIC 0x42 -> Node 0
[    0.007489] SRAT: PXM 0 -> APIC 0x43 -> Node 0
[    0.007489] SRAT: PXM 0 -> APIC 0x44 -> Node 0
[    0.007490] SRAT: PXM 0 -> APIC 0x45 -> Node 0
[    0.007490] SRAT: PXM 0 -> APIC 0x46 -> Node 0
[    0.007491] SRAT: PXM 0 -> APIC 0x47 -> Node 0
[    0.007491] SRAT: PXM 0 -> APIC 0x48 -> Node 0
[    0.007492] SRAT: PXM 0 -> APIC 0x49 -> Node 0
[    0.007492] SRAT: PXM 0 -> APIC 0x4a -> Node 0
[    0.007493] SRAT: PXM 0 -> APIC 0x4b -> Node 0
[    0.007493] SRAT: PXM 0 -> APIC 0x4c -> Node 0
[    0.007494] SRAT: PXM 0 -> APIC 0x4d -> Node 0
[    0.007494] SRAT: PXM 0 -> APIC 0x4e -> Node 0
[    0.007495] SRAT: PXM 0 -> APIC 0x4f -> Node 0
[    0.007496] SRAT: PXM 0 -> APIC 0x50 -> Node 0
[    0.007496] SRAT: PXM 0 -> APIC 0x51 -> Node 0
[    0.007497] SRAT: PXM 0 -> APIC 0x52 -> Node 0
[    0.007497] SRAT: PXM 0 -> APIC 0x53 -> Node 0
[    0.007498] SRAT: PXM 0 -> APIC 0x54 -> Node 0
[    0.007498] SRAT: PXM 0 -> APIC 0x55 -> Node 0
[    0.007499] SRAT: PXM 0 -> APIC 0x56 -> Node 0
[    0.007499] SRAT: PXM 0 -> APIC 0x57 -> Node 0
[    0.007500] SRAT: PXM 0 -> APIC 0x58 -> Node 0
[    0.007500] SRAT: PXM 0 -> APIC 0x59 -> Node 0
[    0.007501] SRAT: PXM 0 -> APIC 0x5a -> Node 0
[    0.007501] SRAT: PXM 0 -> APIC 0x5b -> Node 0
[    0.007502] SRAT: PXM 0 -> APIC 0x5c -> Node 0
[    0.007502] SRAT: PXM 0 -> APIC 0x5d -> Node 0
[    0.007503] SRAT: PXM 0 -> APIC 0x5e -> Node 0
[    0.007503] SRAT: PXM 0 -> APIC 0x5f -> Node 0
[    0.007504] SRAT: PXM 0 -> APIC 0x60 -> Node 0
[    0.007505] SRAT: PXM 0 -> APIC 0x61 -> Node 0
[    0.007505] SRAT: PXM 0 -> APIC 0x62 -> Node 0
[    0.007506] SRAT: PXM 0 -> APIC 0x63 -> Node 0
[    0.007506] SRAT: PXM 0 -> APIC 0x64 -> Node 0
[    0.007507] SRAT: PXM 0 -> APIC 0x65 -> Node 0
[    0.007507] SRAT: PXM 0 -> APIC 0x66 -> Node 0
[    0.007508] SRAT: PXM 0 -> APIC 0x67 -> Node 0
[    0.007508] SRAT: PXM 0 -> APIC 0x68 -> Node 0
[    0.007509] SRAT: PXM 0 -> APIC 0x69 -> Node 0
[    0.007509] SRAT: PXM 0 -> APIC 0x6a -> Node 0
[    0.007510] SRAT: PXM 0 -> APIC 0x6b -> Node 0
[    0.007510] SRAT: PXM 0 -> APIC 0x6c -> Node 0
[    0.007511] SRAT: PXM 0 -> APIC 0x6d -> Node 0
[    0.007511] SRAT: PXM 0 -> APIC 0x6e -> Node 0
[    0.007512] SRAT: PXM 0 -> APIC 0x6f -> Node 0
[    0.007512] SRAT: PXM 0 -> APIC 0x70 -> Node 0
[    0.007513] SRAT: PXM 0 -> APIC 0x71 -> Node 0
[    0.007513] SRAT: PXM 0 -> APIC 0x72 -> Node 0
[    0.007514] SRAT: PXM 0 -> APIC 0x73 -> Node 0
[    0.007514] SRAT: PXM 0 -> APIC 0x74 -> Node 0
[    0.007515] SRAT: PXM 0 -> APIC 0x75 -> Node 0
[    0.007516] SRAT: PXM 0 -> APIC 0x76 -> Node 0
[    0.007516] SRAT: PXM 0 -> APIC 0x77 -> Node 0
[    0.007517] SRAT: PXM 0 -> APIC 0x78 -> Node 0
[    0.007517] SRAT: PXM 0 -> APIC 0x79 -> Node 0
[    0.007518] SRAT: PXM 0 -> APIC 0x7a -> Node 0
[    0.007518] SRAT: PXM 0 -> APIC 0x7b -> Node 0
[    0.007519] SRAT: PXM 0 -> APIC 0x7c -> Node 0
[    0.007519] SRAT: PXM 0 -> APIC 0x7d -> Node 0
[    0.007520] SRAT: PXM 0 -> APIC 0x7e -> Node 0
[    0.007520] SRAT: PXM 0 -> APIC 0x7f -> Node 0
[    0.007522] ACPI: SRAT: Node 0 PXM 0 [mem 0x00000000-0x0009ffff]
[    0.007524] ACPI: SRAT: Node 0 PXM 0 [mem 0x00100000-0xbfffffff]
[    0.007525] ACPI: SRAT: Node 0 PXM 0 [mem 0x100000000-0x13fffffff]
[    0.007525] ACPI: SRAT: Node 0 PXM 0 [mem 0x140000000-0x103fffffff] hotplug
[    0.007527] NUMA: Node 0 [mem 0x00000000-0x0009ffff] + [mem 0x00100000-0xbfffffff] -> [mem 0x00000000-0xbfffffff]
[    0.007529] NUMA: Node 0 [mem 0x00000000-0xbfffffff] + [mem 0x100000000-0x13fffffff] -> [mem 0x00000000-0x13fffffff]
[    0.007533] NODE_DATA(0) allocated [mem 0x13ffd4000-0x13fffdfff]
[    0.009430] Zone ranges:
[    0.009432]   DMA      [mem 0x0000000000001000-0x0000000000ffffff]
[    0.009434]   DMA32    [mem 0x0000000001000000-0x00000000ffffffff]
[    0.009435]   Normal   [mem 0x0000000100000000-0x000000013fffffff]
[    0.009436]   Device   empty
[    0.009437] Movable zone start for each node
[    0.009439] Early memory node ranges
[    0.009439]   node   0: [mem 0x0000000000001000-0x000000000009dfff]
[    0.009440]   node   0: [mem 0x0000000000100000-0x00000000bfecffff]
[    0.009441]   node   0: [mem 0x00000000bff00000-0x00000000bfffffff]
[    0.009442]   node   0: [mem 0x0000000100000000-0x000000013fffffff]
[    0.009443] Initmem setup node 0 [mem 0x0000000000001000-0x000000013fffffff]
[    0.009791] On node 0, zone DMA: 1 pages in unavailable ranges
[    0.010946] On node 0, zone DMA: 98 pages in unavailable ranges
[    0.180743] On node 0, zone DMA32: 48 pages in unavailable ranges
[    0.230522] ACPI: PM-Timer IO Port: 0x1008
[    0.230533] system APIC only can use physical flat
[    0.230542] ACPI: LAPIC_NMI (acpi_id[0x00] high edge lint[0x1])
[    0.230544] ACPI: LAPIC_NMI (acpi_id[0x01] high edge lint[0x1])
[    0.230545] ACPI: LAPIC_NMI (acpi_id[0x02] high edge lint[0x1])
[    0.230545] ACPI: LAPIC_NMI (acpi_id[0x03] high edge lint[0x1])
[    0.230546] ACPI: LAPIC_NMI (acpi_id[0x04] high edge lint[0x1])
[    0.230546] ACPI: LAPIC_NMI (acpi_id[0x05] high edge lint[0x1])
[    0.230547] ACPI: LAPIC_NMI (acpi_id[0x06] high edge lint[0x1])
[    0.230548] ACPI: LAPIC_NMI (acpi_id[0x07] high edge lint[0x1])
[    0.230548] ACPI: LAPIC_NMI (acpi_id[0x08] high edge lint[0x1])
[    0.230549] ACPI: LAPIC_NMI (acpi_id[0x09] high edge lint[0x1])
[    0.230549] ACPI: LAPIC_NMI (acpi_id[0x0a] high edge lint[0x1])
[    0.230550] ACPI: LAPIC_NMI (acpi_id[0x0b] high edge lint[0x1])
[    0.230551] ACPI: LAPIC_NMI (acpi_id[0x0c] high edge lint[0x1])
[    0.230551] ACPI: LAPIC_NMI (acpi_id[0x0d] high edge lint[0x1])
[    0.230552] ACPI: LAPIC_NMI (acpi_id[0x0e] high edge lint[0x1])
[    0.230552] ACPI: LAPIC_NMI (acpi_id[0x0f] high edge lint[0x1])
[    0.230553] ACPI: LAPIC_NMI (acpi_id[0x10] high edge lint[0x1])
[    0.230554] ACPI: LAPIC_NMI (acpi_id[0x11] high edge lint[0x1])
[    0.230554] ACPI: LAPIC_NMI (acpi_id[0x12] high edge lint[0x1])
[    0.230555] ACPI: LAPIC_NMI (acpi_id[0x13] high edge lint[0x1])
[    0.230555] ACPI: LAPIC_NMI (acpi_id[0x14] high edge lint[0x1])
[    0.230556] ACPI: LAPIC_NMI (acpi_id[0x15] high edge lint[0x1])
[    0.230557] ACPI: LAPIC_NMI (acpi_id[0x16] high edge lint[0x1])
[    0.230557] ACPI: LAPIC_NMI (acpi_id[0x17] high edge lint[0x1])
[    0.230558] ACPI: LAPIC_NMI (acpi_id[0x18] high edge lint[0x1])
[    0.230558] ACPI: LAPIC_NMI (acpi_id[0x19] high edge lint[0x1])
[    0.230559] ACPI: LAPIC_NMI (acpi_id[0x1a] high edge lint[0x1])
[    0.230560] ACPI: LAPIC_NMI (acpi_id[0x1b] high edge lint[0x1])
[    0.230560] ACPI: LAPIC_NMI (acpi_id[0x1c] high edge lint[0x1])
[    0.230561] ACPI: LAPIC_NMI (acpi_id[0x1d] high edge lint[0x1])
[    0.230562] ACPI: LAPIC_NMI (acpi_id[0x1e] high edge lint[0x1])
[    0.230562] ACPI: LAPIC_NMI (acpi_id[0x1f] high edge lint[0x1])
[    0.230563] ACPI: LAPIC_NMI (acpi_id[0x20] high edge lint[0x1])
[    0.230563] ACPI: LAPIC_NMI (acpi_id[0x21] high edge lint[0x1])
[    0.230564] ACPI: LAPIC_NMI (acpi_id[0x22] high edge lint[0x1])
[    0.230564] ACPI: LAPIC_NMI (acpi_id[0x23] high edge lint[0x1])
[    0.230565] ACPI: LAPIC_NMI (acpi_id[0x24] high edge lint[0x1])
[    0.230566] ACPI: LAPIC_NMI (acpi_id[0x25] high edge lint[0x1])
[    0.230566] ACPI: LAPIC_NMI (acpi_id[0x26] high edge lint[0x1])
[    0.230567] ACPI: LAPIC_NMI (acpi_id[0x27] high edge lint[0x1])
[    0.230568] ACPI: LAPIC_NMI (acpi_id[0x28] high edge lint[0x1])
[    0.230568] ACPI: LAPIC_NMI (acpi_id[0x29] high edge lint[0x1])
[    0.230569] ACPI: LAPIC_NMI (acpi_id[0x2a] high edge lint[0x1])
[    0.230569] ACPI: LAPIC_NMI (acpi_id[0x2b] high edge lint[0x1])
[    0.230570] ACPI: LAPIC_NMI (acpi_id[0x2c] high edge lint[0x1])
[    0.230571] ACPI: LAPIC_NMI (acpi_id[0x2d] high edge lint[0x1])
[    0.230571] ACPI: LAPIC_NMI (acpi_id[0x2e] high edge lint[0x1])
[    0.230572] ACPI: LAPIC_NMI (acpi_id[0x2f] high edge lint[0x1])
[    0.230572] ACPI: LAPIC_NMI (acpi_id[0x30] high edge lint[0x1])
[    0.230573] ACPI: LAPIC_NMI (acpi_id[0x31] high edge lint[0x1])
[    0.230573] ACPI: LAPIC_NMI (acpi_id[0x32] high edge lint[0x1])
[    0.230574] ACPI: LAPIC_NMI (acpi_id[0x33] high edge lint[0x1])
[    0.230575] ACPI: LAPIC_NMI (acpi_id[0x34] high edge lint[0x1])
[    0.230575] ACPI: LAPIC_NMI (acpi_id[0x35] high edge lint[0x1])
[    0.230576] ACPI: LAPIC_NMI (acpi_id[0x36] high edge lint[0x1])
[    0.230576] ACPI: LAPIC_NMI (acpi_id[0x37] high edge lint[0x1])
[    0.230577] ACPI: LAPIC_NMI (acpi_id[0x38] high edge lint[0x1])
[    0.230578] ACPI: LAPIC_NMI (acpi_id[0x39] high edge lint[0x1])
[    0.230578] ACPI: LAPIC_NMI (acpi_id[0x3a] high edge lint[0x1])
[    0.230579] ACPI: LAPIC_NMI (acpi_id[0x3b] high edge lint[0x1])
[    0.230579] ACPI: LAPIC_NMI (acpi_id[0x3c] high edge lint[0x1])
[    0.230580] ACPI: LAPIC_NMI (acpi_id[0x3d] high edge lint[0x1])
[    0.230581] ACPI: LAPIC_NMI (acpi_id[0x3e] high edge lint[0x1])
[    0.230581] ACPI: LAPIC_NMI (acpi_id[0x3f] high edge lint[0x1])
[    0.230582] ACPI: LAPIC_NMI (acpi_id[0x40] high edge lint[0x1])
[    0.230582] ACPI: LAPIC_NMI (acpi_id[0x41] high edge lint[0x1])
[    0.230583] ACPI: LAPIC_NMI (acpi_id[0x42] high edge lint[0x1])
[    0.230584] ACPI: LAPIC_NMI (acpi_id[0x43] high edge lint[0x1])
[    0.230584] ACPI: LAPIC_NMI (acpi_id[0x44] high edge lint[0x1])
[    0.230585] ACPI: LAPIC_NMI (acpi_id[0x45] high edge lint[0x1])
[    0.230585] ACPI: LAPIC_NMI (acpi_id[0x46] high edge lint[0x1])
[    0.230586] ACPI: LAPIC_NMI (acpi_id[0x47] high edge lint[0x1])
[    0.230587] ACPI: LAPIC_NMI (acpi_id[0x48] high edge lint[0x1])
[    0.230587] ACPI: LAPIC_NMI (acpi_id[0x49] high edge lint[0x1])
[    0.230588] ACPI: LAPIC_NMI (acpi_id[0x4a] high edge lint[0x1])
[    0.230588] ACPI: LAPIC_NMI (acpi_id[0x4b] high edge lint[0x1])
[    0.230589] ACPI: LAPIC_NMI (acpi_id[0x4c] high edge lint[0x1])
[    0.230590] ACPI: LAPIC_NMI (acpi_id[0x4d] high edge lint[0x1])
[    0.230590] ACPI: LAPIC_NMI (acpi_id[0x4e] high edge lint[0x1])
[    0.230591] ACPI: LAPIC_NMI (acpi_id[0x4f] high edge lint[0x1])
[    0.230591] ACPI: LAPIC_NMI (acpi_id[0x50] high edge lint[0x1])
[    0.230592] ACPI: LAPIC_NMI (acpi_id[0x51] high edge lint[0x1])
[    0.230593] ACPI: LAPIC_NMI (acpi_id[0x52] high edge lint[0x1])
[    0.230593] ACPI: LAPIC_NMI (acpi_id[0x53] high edge lint[0x1])
[    0.230594] ACPI: LAPIC_NMI (acpi_id[0x54] high edge lint[0x1])
[    0.230594] ACPI: LAPIC_NMI (acpi_id[0x55] high edge lint[0x1])
[    0.230595] ACPI: LAPIC_NMI (acpi_id[0x56] high edge lint[0x1])
[    0.230596] ACPI: LAPIC_NMI (acpi_id[0x57] high edge lint[0x1])
[    0.230596] ACPI: LAPIC_NMI (acpi_id[0x58] high edge lint[0x1])
[    0.230597] ACPI: LAPIC_NMI (acpi_id[0x59] high edge lint[0x1])
[    0.230597] ACPI: LAPIC_NMI (acpi_id[0x5a] high edge lint[0x1])
[    0.230598] ACPI: LAPIC_NMI (acpi_id[0x5b] high edge lint[0x1])
[    0.230598] ACPI: LAPIC_NMI (acpi_id[0x5c] high edge lint[0x1])
[    0.230599] ACPI: LAPIC_NMI (acpi_id[0x5d] high edge lint[0x1])
[    0.230600] ACPI: LAPIC_NMI (acpi_id[0x5e] high edge lint[0x1])
[    0.230600] ACPI: LAPIC_NMI (acpi_id[0x5f] high edge lint[0x1])
[    0.230601] ACPI: LAPIC_NMI (acpi_id[0x60] high edge lint[0x1])
[    0.230601] ACPI: LAPIC_NMI (acpi_id[0x61] high edge lint[0x1])
[    0.230602] ACPI: LAPIC_NMI (acpi_id[0x62] high edge lint[0x1])
[    0.230603] ACPI: LAPIC_NMI (acpi_id[0x63] high edge lint[0x1])
[    0.230603] ACPI: LAPIC_NMI (acpi_id[0x64] high edge lint[0x1])
[    0.230604] ACPI: LAPIC_NMI (acpi_id[0x65] high edge lint[0x1])
[    0.230604] ACPI: LAPIC_NMI (acpi_id[0x66] high edge lint[0x1])
[    0.230605] ACPI: LAPIC_NMI (acpi_id[0x67] high edge lint[0x1])
[    0.230606] ACPI: LAPIC_NMI (acpi_id[0x68] high edge lint[0x1])
[    0.230606] ACPI: LAPIC_NMI (acpi_id[0x69] high edge lint[0x1])
[    0.230607] ACPI: LAPIC_NMI (acpi_id[0x6a] high edge lint[0x1])
[    0.230607] ACPI: LAPIC_NMI (acpi_id[0x6b] high edge lint[0x1])
[    0.230608] ACPI: LAPIC_NMI (acpi_id[0x6c] high edge lint[0x1])
[    0.230609] ACPI: LAPIC_NMI (acpi_id[0x6d] high edge lint[0x1])
[    0.230609] ACPI: LAPIC_NMI (acpi_id[0x6e] high edge lint[0x1])
[    0.230610] ACPI: LAPIC_NMI (acpi_id[0x6f] high edge lint[0x1])
[    0.230610] ACPI: LAPIC_NMI (acpi_id[0x70] high edge lint[0x1])
[    0.230611] ACPI: LAPIC_NMI (acpi_id[0x71] high edge lint[0x1])
[    0.230612] ACPI: LAPIC_NMI (acpi_id[0x72] high edge lint[0x1])
[    0.230612] ACPI: LAPIC_NMI (acpi_id[0x73] high edge lint[0x1])
[    0.230613] ACPI: LAPIC_NMI (acpi_id[0x74] high edge lint[0x1])
[    0.230613] ACPI: LAPIC_NMI (acpi_id[0x75] high edge lint[0x1])
[    0.230614] ACPI: LAPIC_NMI (acpi_id[0x76] high edge lint[0x1])
[    0.230615] ACPI: LAPIC_NMI (acpi_id[0x77] high edge lint[0x1])
[    0.230615] ACPI: LAPIC_NMI (acpi_id[0x78] high edge lint[0x1])
[    0.230616] ACPI: LAPIC_NMI (acpi_id[0x79] high edge lint[0x1])
[    0.230616] ACPI: LAPIC_NMI (acpi_id[0x7a] high edge lint[0x1])
[    0.230617] ACPI: LAPIC_NMI (acpi_id[0x7b] high edge lint[0x1])
[    0.230617] ACPI: LAPIC_NMI (acpi_id[0x7c] high edge lint[0x1])
[    0.230618] ACPI: LAPIC_NMI (acpi_id[0x7d] high edge lint[0x1])
[    0.230619] ACPI: LAPIC_NMI (acpi_id[0x7e] high edge lint[0x1])
[    0.230619] ACPI: LAPIC_NMI (acpi_id[0x7f] high edge lint[0x1])
[    0.230691] IOAPIC[0]: apic_id 128, version 32, address 0xfec00000, GSI 0-23
[    0.230695] ACPI: INT_SRC_OVR (bus 0 bus_irq 0 global_irq 2 high edge)
[    0.230700] ACPI: Using ACPI (MADT) for SMP configuration information
[    0.230701] ACPI: HPET id: 0x8086af01 base: 0xfed00000
[    0.230706] smpboot: Allowing 128 CPUs, 126 hotplug CPUs
[    0.230717] PM: hibernation: Registered nosave memory: [mem 0x00000000-0x00000fff]
[    0.230718] PM: hibernation: Registered nosave memory: [mem 0x0009e000-0x0009efff]
[    0.230719] PM: hibernation: Registered nosave memory: [mem 0x0009f000-0x0009ffff]
[    0.230720] PM: hibernation: Registered nosave memory: [mem 0x000a0000-0x000dbfff]
[    0.230720] PM: hibernation: Registered nosave memory: [mem 0x000dc000-0x000fffff]
[    0.230721] PM: hibernation: Registered nosave memory: [mem 0xbfed0000-0xbfefefff]
[    0.230722] PM: hibernation: Registered nosave memory: [mem 0xbfeff000-0xbfefffff]
[    0.230740] PM: hibernation: Registered nosave memory: [mem 0xc0000000-0xefffffff]
[    0.230741] PM: hibernation: Registered nosave memory: [mem 0xf0000000-0xf7ffffff]
[    0.230741] PM: hibernation: Registered nosave memory: [mem 0xf8000000-0xfebfffff]
[    0.230742] PM: hibernation: Registered nosave memory: [mem 0xfec00000-0xfec0ffff]
[    0.230742] PM: hibernation: Registered nosave memory: [mem 0xfec10000-0xfedfffff]
[    0.230743] PM: hibernation: Registered nosave memory: [mem 0xfee00000-0xfee00fff]
[    0.230744] PM: hibernation: Registered nosave memory: [mem 0xfee01000-0xfffdffff]
[    0.230744] PM: hibernation: Registered nosave memory: [mem 0xfffe0000-0xffffffff]
[    0.230746] [mem 0xc0000000-0xefffffff] available for PCI devices
[    0.230747] Booting paravirtualized kernel on VMware hypervisor
[    0.230749] clocksource: refined-jiffies: mask: 0xffffffff max_cycles: 0xffffffff, max_idle_ns: 7645519600211568 ns
[    0.230754] setup_percpu: NR_CPUS:8192 nr_cpumask_bits:128 nr_cpu_ids:128 nr_node_ids:1
[    0.370743] percpu: Embedded 60 pages/cpu s208896 r8192 d28672 u262144
[    0.370757] pcpu-alloc: s208896 r8192 d28672 u262144 alloc=1*2097152
[    0.370759] pcpu-alloc: [0] 000 001 002 003 004 005 006 007 
[    0.370763] pcpu-alloc: [0] 008 009 010 011 012 013 014 015 
[    0.370766] pcpu-alloc: [0] 016 017 018 019 020 021 022 023 
[    0.370768] pcpu-alloc: [0] 024 025 026 027 028 029 030 031 
[    0.370771] pcpu-alloc: [0] 032 033 034 035 036 037 038 039 
[    0.370774] pcpu-alloc: [0] 040 041 042 043 044 045 046 047 
[    0.370777] pcpu-alloc: [0] 048 049 050 051 052 053 054 055 
[    0.370780] pcpu-alloc: [0] 056 057 058 059 060 061 062 063 
[    0.370783] pcpu-alloc: [0] 064 065 066 067 068 069 070 071 
[    0.370786] pcpu-alloc: [0] 072 073 074 075 076 077 078 079 
[    0.370788] pcpu-alloc: [0] 080 081 082 083 084 085 086 087 
[    0.370791] pcpu-alloc: [0] 088 089 090 091 092 093 094 095 
[    0.370794] pcpu-alloc: [0] 096 097 098 099 100 101 102 103 
[    0.370797] pcpu-alloc: [0] 104 105 106 107 108 109 110 111 
[    0.370800] pcpu-alloc: [0] 112 113 114 115 116 117 118 119 
[    0.370803] pcpu-alloc: [0] 120 121 122 123 124 125 126 127 
[    0.370850] Built 1 zonelists, mobility grouping on.  Total pages: 1031888
[    0.370851] Policy zone: Normal
[    0.370853] Kernel command line: BOOT_IMAGE=/vmlinuz-5.15.72-56eae305c-prague-91 root=/dev/mapper/ubuntu--vg-ubuntu--lv ro
[    0.370873] Unknown kernel command line parameters "BOOT_IMAGE=/vmlinuz-5.15.72-56eae305c-prague-91", will be passed to user space.
[    0.370875] printk: log_buf_len individual max cpu contribution: 4096 bytes
[    0.370875] printk: log_buf_len total cpu_extra contributions: 520192 bytes
[    0.370876] printk: log_buf_len min size: 262144 bytes
[    0.384983] printk: log_buf_len: 1048576 bytes
[    0.384987] printk: early log buf free: 237968(90%)
[    0.391813] Dentry cache hash table entries: 524288 (order: 10, 4194304 bytes, linear)
[    0.395387] Inode-cache hash table entries: 262144 (order: 9, 2097152 bytes, linear)
[    0.398345] mem auto-init: stack:off, heap alloc:on, heap free:off
[    0.478122] Memory: 3883932K/4193716K available (16393K kernel code, 4370K rwdata, 5616K rodata, 3212K init, 6600K bss, 309524K reserved, 0K cma-reserved)
[    0.478948] SLUB: HWalign=64, Order=0-3, MinObjects=0, CPUs=128, Nodes=1
[    0.479161] Kernel/User page tables isolation: enabled
[    0.479484] ftrace: allocating 49408 entries in 194 pages
[    0.498691] ftrace: allocated 193 pages with 3 groups
[    0.500163] rcu: Hierarchical RCU implementation.
[    0.500166] rcu: 	RCU restricting CPUs from NR_CPUS=8192 to nr_cpu_ids=128.
[    0.500167] 	Rude variant of Tasks RCU enabled.
[    0.500168] 	Tracing variant of Tasks RCU enabled.
[    0.500169] rcu: RCU calculated value of scheduler-enlistment delay is 25 jiffies.
[    0.500169] rcu: Adjusting geometry for rcu_fanout_leaf=16, nr_cpu_ids=128
[    0.504374] NR_IRQS: 524544, nr_irqs: 1448, preallocated irqs: 16
[    0.504824] random: crng init done
[    0.515204] Console: colour VGA+ 80x25
[    0.682301] printk: console [tty0] enabled
[    0.682681] ACPI: Core revision 20210730
[    0.685759] clocksource: hpet: mask: 0xffffffff max_cycles: 0xffffffff, max_idle_ns: 133484882848 ns
[    0.686541] APIC: Switch to symmetric I/O mode setup
[    0.687267] x2apic enabled
[    0.687682] Switched APIC routing to physical x2apic.
[    0.689270] ..TIMER: vector=0x30 apic1=0 pin1=2 apic2=-1 pin2=-1
[    0.689676] clocksource: tsc-early: mask: 0xffffffffffffffff max_cycles: 0x22df1149949, max_idle_ns: 440795312789 ns
[    0.690595] Calibrating delay loop (skipped) preset value.. 4838.40 BogoMIPS (lpj=9676801)
[    0.694597] pid_max: default: 131072 minimum: 1024
[    0.694970] LSM: Security Framework initializing
[    0.695297] landlock: Up and running.
[    0.695556] Yama: becoming mindful.
[    0.695918] AppArmor: AppArmor initialized
[    0.696344] Mount-cache hash table entries: 8192 (order: 4, 65536 bytes, linear)
[    0.697032] Mountpoint-cache hash table entries: 8192 (order: 4, 65536 bytes, linear)
[    0.699430] x86/cpu: User Mode Instruction Prevention (UMIP) activated
[    0.700058] Last level iTLB entries: 4KB 0, 2MB 0, 4MB 0
[    0.700412] Last level dTLB entries: 4KB 0, 2MB 0, 4MB 0, 1GB 0
[    0.700809] Spectre V1 : Mitigation: usercopy/swapgs barriers and __user pointer sanitization
[    0.701329] Spectre V2 : Mitigation: IBRS
[    0.701592] Spectre V2 : Spectre v2 / SpectreRSB mitigation: Filling RSB on context switch
[    0.702063] Spectre V2 : Spectre v2 / SpectreRSB : Filling RSB on VMEXIT
[    0.702500] RETBleed: Mitigation: IBRS
[    0.702600] Spectre V2 : mitigation: Enabling conditional Indirect Branch Prediction Barrier
[    0.703082] Speculative Store Bypass: Mitigation: Speculative Store Bypass disabled via prctl and seccomp
[    0.703633] MDS: Mitigation: Clear CPU buffers
[    0.703915] MMIO Stale Data: Unknown: No mitigations
[    0.715013] Freeing SMP alternatives memory: 40K
[    0.718874] smpboot: CPU0: 13th Gen Intel(R) Core(TM) i9-13900HX (family: 0x6, model: 0xb7, stepping: 0x1)
[    0.720717] Performance Events: generic architected perfmon v1, core PMU driver.
[    0.721241] core: CPUID marked event: 'cpu cycles' unavailable
[    0.721602] core: CPUID marked event: 'instructions' unavailable
[    0.721973] core: CPUID marked event: 'bus cycles' unavailable
[    0.722347] core: CPUID marked event: 'cache references' unavailable
[    0.722595] core: CPUID marked event: 'cache misses' unavailable
[    0.722596] core: CPUID marked event: 'branch instructions' unavailable
[    0.722995] core: CPUID marked event: 'branch misses' unavailable
[    0.723380] ... version:                1
[    0.723655] ... bit width:              48
[    0.723929] ... generic registers:      6
[    0.724327] ... value mask:             0000ffffffffffff
[    0.724727] ... max period:             000000007fffffff
[    0.725084] ... fixed-purpose events:   0
[    0.725360] ... event mask:             000000070000003f
[    0.725824] rcu: Hierarchical SRCU implementation.
[    0.727456] NMI watchdog: Perf NMI watchdog permanently disabled
[    0.743112] smp: Bringing up secondary CPUs ...
[    0.744099] x86: Booting SMP configuration:
[    0.744420] .... node  #0, CPUs:          #1
[    0.745465] smp: Brought up 1 node, 2 CPUs
[    0.745465] smpboot: Max logical packages: 64
[    0.745465] smpboot: Total of 2 processors activated (9676.80 BogoMIPS)
[    0.747035] devtmpfs: initialized
[    0.747035] x86/mm: Memory block size: 128MB
[    0.748125] ACPI: PM: Registering ACPI NVS region [mem 0xbfeff000-0xbfefffff] (4096 bytes)
[    0.748125] clocksource: jiffies: mask: 0xffffffff max_cycles: 0xffffffff, max_idle_ns: 7645041785100000 ns
[    0.759520] futex hash table entries: 32768 (order: 9, 2097152 bytes, linear)
[    0.760213] pinctrl core: initialized pinctrl subsystem
[    0.760696] PM: RTC time: 04:29:31, date: 2025-05-06
[    0.761663] NET: Registered PF_NETLINK/PF_ROUTE protocol family
[    0.764166] DMA: preallocated 512 KiB GFP_KERNEL pool for atomic allocations
[    0.764601] DMA: preallocated 512 KiB GFP_KERNEL|GFP_DMA pool for atomic allocations
[    0.765060] DMA: preallocated 512 KiB GFP_KERNEL|GFP_DMA32 pool for atomic allocations
[    0.765505] audit: initializing netlink subsys (disabled)
[    0.766115] audit: type=2000 audit(1746505771.076:1): state=initialized audit_enabled=0 res=1
[    0.766115] thermal_sys: Registered thermal governor 'fair_share'
[    0.766596] thermal_sys: Registered thermal governor 'bang_bang'
[    0.766948] thermal_sys: Registered thermal governor 'step_wise'
[    0.767279] thermal_sys: Registered thermal governor 'user_space'
[    0.767613] thermal_sys: Registered thermal governor 'power_allocator'
[    0.767951] EISA bus registered
[    0.768636] cpuidle: using governor ladder
[    0.768636] cpuidle: using governor menu
[    0.768636] Simple Boot Flag at 0x36 set to 0x80
[    0.768636] ACPI: bus type PCI registered
[    0.768636] acpiphp: ACPI Hot Plug PCI Controller Driver version: 0.5
[    0.770855] PCI: MMCONFIG for domain 0000 [bus 00-7f] at [mem 0xf0000000-0xf7ffffff] (base 0xf0000000)
[    0.771364] PCI: MMCONFIG at [mem 0xf0000000-0xf7ffffff] reserved in E820
[    0.771763] PCI: Using configuration type 1 for base access
[    0.773604] Kprobes globally optimized
[    0.774098] HugeTLB registered 1.00 GiB page size, pre-allocated 0 pages
[    0.774606] HugeTLB registered 2.00 MiB page size, pre-allocated 0 pages
[    0.782869] ACPI: Added _OSI(Module Device)
[    0.783149] ACPI: Added _OSI(Processor Device)
[    0.783419] ACPI: Added _OSI(3.0 _SCP Extensions)
[    0.783700] ACPI: Added _OSI(Processor Aggregator Device)
[    0.784013] ACPI: Added _OSI(Linux-Dell-Video)
[    0.784283] ACPI: Added _OSI(Linux-Lenovo-NV-HDMI-Audio)
[    0.786605] ACPI: Added _OSI(Linux-HPI-Hybrid-Graphics)
[    0.804102] ACPI: 1 ACPI AML tables successfully acquired and loaded
[    0.805835] ACPI: [Firmware Bug]: BIOS _OSI(Linux) query ignored
[    0.824095] ACPI: Interpreter enabled
[    0.824419] ACPI: PM: (supports S0 S1 S4 S5)
[    0.824744] ACPI: Using IOAPIC for interrupt routing
[    0.825126] PCI: Using host bridge windows from ACPI; if necessary, use "pci=nocrs" and report a bug
[    0.826800] ACPI: Enabled 4 GPEs in block 00 to 0F
[    0.943592] ACPI: PCI Root Bridge [PCI0] (domain 0000 [bus 00-7f])
[    0.944021] acpi PNP0A03:00: _OSC: OS supports [ExtendedConfig ASPM ClockPM Segments MSI EDR HPX-Type3]
[    0.944715] acpi PNP0A03:00: _OSC: platform does not support [AER LTR DPC]
[    0.945305] acpi PNP0A03:00: _OSC: OS now controls [PCIeHotplug SHPCHotplug PME PCIeCapability]
[    0.947397] PCI host bridge to bus 0000:00
[    0.947700] pci_bus 0000:00: root bus resource [mem 0x000a0000-0x000bffff window]
[    0.948194] pci_bus 0000:00: root bus resource [mem 0x000d0000-0x000d3fff window]
[    0.949529] pci_bus 0000:00: root bus resource [mem 0x000d4000-0x000d7fff window]
[    0.950007] pci_bus 0000:00: root bus resource [mem 0x000d8000-0x000dbfff window]
[    0.950491] pci_bus 0000:00: root bus resource [mem 0xc0000000-0xfebfffff window]
[    0.950637] pci_bus 0000:00: root bus resource [io  0x0000-0x0cf7 window]
[    0.951069] pci_bus 0000:00: root bus resource [io  0x0d00-0xfeff window]
[    0.951498] pci_bus 0000:00: root bus resource [bus 00-7f]
[    0.952007] pci 0000:00:00.0: [8086:7190] type 00 class 0x060000
[    0.954675] pci 0000:00:01.0: [8086:7191] type 01 class 0x060400
[    0.963095] pci 0000:00:07.0: [8086:7110] type 00 class 0x060100
[    0.965218] pci 0000:00:07.1: [8086:7111] type 00 class 0x01018a
[    0.966416] pci 0000:00:07.1: reg 0x20: [io  0x1060-0x106f]
[    0.966904] pci 0000:00:07.1: legacy IDE quirk: reg 0x10: [io  0x01f0-0x01f7]
[    0.967352] pci 0000:00:07.1: legacy IDE quirk: reg 0x14: [io  0x03f6]
[    0.967756] pci 0000:00:07.1: legacy IDE quirk: reg 0x18: [io  0x0170-0x0177]
[    0.968195] pci 0000:00:07.1: legacy IDE quirk: reg 0x1c: [io  0x0376]
[    0.968926] pci 0000:00:07.3: [8086:7113] type 00 class 0x068000
[    0.970246] pci 0000:00:07.3: quirk: [io  0x1000-0x103f] claimed by PIIX4 ACPI
[    0.970604] pci 0000:00:07.3: quirk: [io  0x1040-0x104f] claimed by PIIX4 SMB
[    0.971360] pci 0000:00:07.7: [15ad:0740] type 00 class 0x088000
[    0.972035] pci 0000:00:07.7: reg 0x10: [io  0x1080-0x10bf]
[    0.972622] pci 0000:00:07.7: reg 0x14: [mem 0xfebc0000-0xfebfffff 64bit]
[    0.984684] pci 0000:00:0f.0: [15ad:0405] type 00 class 0x030000
[    0.985766] pci 0000:00:0f.0: reg 0x10: [io  0x1070-0x107f]
[    0.986596] pci 0000:00:0f.0: reg 0x14: [mem 0xe8000000-0xefffffff pref]
[    0.987763] pci 0000:00:0f.0: reg 0x18: [mem 0xfe000000-0xfe7fffff]
[    0.992066] pci 0000:00:0f.0: reg 0x30: [mem 0x00000000-0x00007fff pref]
[    0.992587] pci 0000:00:0f.0: Video device with shadowed ROM at [mem 0x000c0000-0x000dffff]
[    0.995024] pci 0000:00:10.0: [1000:0030] type 00 class 0x010000
[    0.995702] pci 0000:00:10.0: reg 0x10: [io  0x1400-0x14ff]
[    0.996304] pci 0000:00:10.0: reg 0x14: [mem 0xfeb80000-0xfeb9ffff 64bit]
[    0.996946] pci 0000:00:10.0: reg 0x1c: [mem 0xfeba0000-0xfebbffff 64bit]
[    0.997714] pci 0000:00:10.0: reg 0x30: [mem 0x00000000-0x00003fff pref]
[    0.999862] pci 0000:00:11.0: [15ad:0790] type 01 class 0x060401
[    1.005900] pci 0000:00:15.0: [15ad:07a0] type 01 class 0x060400
[    1.006992] pci 0000:00:15.0: PME# supported from D0 D3hot D3cold
[    1.007821] pci 0000:00:15.1: [15ad:07a0] type 01 class 0x060400
[    1.008888] pci 0000:00:15.1: PME# supported from D0 D3hot D3cold
[    1.009685] pci 0000:00:15.2: [15ad:07a0] type 01 class 0x060400
[    1.010756] pci 0000:00:15.2: PME# supported from D0 D3hot D3cold
[    1.011612] pci 0000:00:15.3: [15ad:07a0] type 01 class 0x060400
[    1.012676] pci 0000:00:15.3: PME# supported from D0 D3hot D3cold
[    1.013475] pci 0000:00:15.4: [15ad:07a0] type 01 class 0x060400
[    1.014537] pci 0000:00:15.4: PME# supported from D0 D3hot D3cold
[    1.015008] pci 0000:00:15.5: [15ad:07a0] type 01 class 0x060400
[    1.016070] pci 0000:00:15.5: PME# supported from D0 D3hot D3cold
[    1.016886] pci 0000:00:15.6: [15ad:07a0] type 01 class 0x060400
[    1.017954] pci 0000:00:15.6: PME# supported from D0 D3hot D3cold
[    1.019000] pci 0000:00:15.7: [15ad:07a0] type 01 class 0x060400
[    1.020088] pci 0000:00:15.7: PME# supported from D0 D3hot D3cold
[    1.022076] pci 0000:00:16.0: [15ad:07a0] type 01 class 0x060400
[    1.023256] pci 0000:00:16.0: PME# supported from D0 D3hot D3cold
[    1.024067] pci 0000:00:16.1: [15ad:07a0] type 01 class 0x060400
[    1.025130] pci 0000:00:16.1: PME# supported from D0 D3hot D3cold
[    1.025921] pci 0000:00:16.2: [15ad:07a0] type 01 class 0x060400
[    1.026991] pci 0000:00:16.2: PME# supported from D0 D3hot D3cold
[    1.027839] pci 0000:00:16.3: [15ad:07a0] type 01 class 0x060400
[    1.028908] pci 0000:00:16.3: PME# supported from D0 D3hot D3cold
[    1.029702] pci 0000:00:16.4: [15ad:07a0] type 01 class 0x060400
[    1.030762] pci 0000:00:16.4: PME# supported from D0 D3hot D3cold
[    1.031777] pci 0000:00:16.5: [15ad:07a0] type 01 class 0x060400
[    1.032880] pci 0000:00:16.5: PME# supported from D0 D3hot D3cold
[    1.033743] pci 0000:00:16.6: [15ad:07a0] type 01 class 0x060400
[    1.034867] pci 0000:00:16.6: PME# supported from D0 D3hot D3cold
[    1.035683] pci 0000:00:16.7: [15ad:07a0] type 01 class 0x060400
[    1.036818] pci 0000:00:16.7: PME# supported from D0 D3hot D3cold
[    1.040012] pci 0000:00:17.0: [15ad:07a0] type 01 class 0x060400
[    1.041932] pci 0000:00:17.0: PME# supported from D0 D3hot D3cold
[    1.042993] pci 0000:00:17.1: [15ad:07a0] type 01 class 0x060400
[    1.044066] pci 0000:00:17.1: PME# supported from D0 D3hot D3cold
[    1.044862] pci 0000:00:17.2: [15ad:07a0] type 01 class 0x060400
[    1.047296] pci 0000:00:17.2: PME# supported from D0 D3hot D3cold
[    1.048484] pci 0000:00:17.3: [15ad:07a0] type 01 class 0x060400
[    1.049579] pci 0000:00:17.3: PME# supported from D0 D3hot D3cold
[    1.050667] pci 0000:00:17.4: [15ad:07a0] type 01 class 0x060400
[    1.052556] pci 0000:00:17.4: PME# supported from D0 D3hot D3cold
[    1.053437] pci 0000:00:17.5: [15ad:07a0] type 01 class 0x060400
[    1.054520] pci 0000:00:17.5: PME# supported from D0 D3hot D3cold
[    1.055013] pci 0000:00:17.6: [15ad:07a0] type 01 class 0x060400
[    1.056120] pci 0000:00:17.6: PME# supported from D0 D3hot D3cold
[    1.056963] pci 0000:00:17.7: [15ad:07a0] type 01 class 0x060400
[    1.058062] pci 0000:00:17.7: PME# supported from D0 D3hot D3cold
[    1.060236] pci 0000:00:18.0: [15ad:07a0] type 01 class 0x060400
[    1.061370] pci 0000:00:18.0: PME# supported from D0 D3hot D3cold
[    1.062716] pci 0000:00:18.1: [15ad:07a0] type 01 class 0x060400
[    1.063860] pci 0000:00:18.1: PME# supported from D0 D3hot D3cold
[    1.064728] pci 0000:00:18.2: [15ad:07a0] type 01 class 0x060400
[    1.067329] pci 0000:00:18.2: PME# supported from D0 D3hot D3cold
[    1.068521] pci 0000:00:18.3: [15ad:07a0] type 01 class 0x060400
[    1.069679] pci 0000:00:18.3: PME# supported from D0 D3hot D3cold
[    1.070863] pci 0000:00:18.4: [15ad:07a0] type 01 class 0x060400
[    1.072150] pci 0000:00:18.4: PME# supported from D0 D3hot D3cold
[    1.073050] pci 0000:00:18.5: [15ad:07a0] type 01 class 0x060400
[    1.074967] pci 0000:00:18.5: PME# supported from D0 D3hot D3cold
[    1.075956] pci 0000:00:18.6: [15ad:07a0] type 01 class 0x060400
[    1.077114] pci 0000:00:18.6: PME# supported from D0 D3hot D3cold
[    1.078015] pci 0000:00:18.7: [15ad:07a0] type 01 class 0x060400
[    1.079184] pci 0000:00:18.7: PME# supported from D0 D3hot D3cold
[    1.089999] pci_bus 0000:01: extended config space not accessible
[    1.131923] pci 0000:00:01.0: PCI bridge to [bus 01]
[    1.132460] pci_bus 0000:02: extended config space not accessible
[    1.133998] acpiphp: Slot [32] registered
[    1.134301] acpiphp: Slot [33] registered
[    1.134586] acpiphp: Slot [34] registered
[    1.134622] acpiphp: Slot [35] registered
[    1.134915] acpiphp: Slot [36] registered
[    1.135208] acpiphp: Slot [37] registered
[    1.135505] acpiphp: Slot [38] registered
[    1.135798] acpiphp: Slot [39] registered
[    1.136089] acpiphp: Slot [40] registered
[    1.136390] acpiphp: Slot [41] registered
[    1.136681] acpiphp: Slot [42] registered
[    1.136971] acpiphp: Slot [43] registered
[    1.137263] acpiphp: Slot [44] registered
[    1.137568] acpiphp: Slot [45] registered
[    1.137860] acpiphp: Slot [46] registered
[    1.138151] acpiphp: Slot [47] registered
[    1.138619] acpiphp: Slot [48] registered
[    1.138912] acpiphp: Slot [49] registered
[    1.139204] acpiphp: Slot [50] registered
[    1.139496] acpiphp: Slot [51] registered
[    1.139792] acpiphp: Slot [52] registered
[    1.140084] acpiphp: Slot [53] registered
[    1.140385] acpiphp: Slot [54] registered
[    1.140675] acpiphp: Slot [55] registered
[    1.140966] acpiphp: Slot [56] registered
[    1.141257] acpiphp: Slot [57] registered
[    1.141551] acpiphp: Slot [58] registered
[    1.141848] acpiphp: Slot [59] registered
[    1.142139] acpiphp: Slot [60] registered
[    1.142438] acpiphp: Slot [61] registered
[    1.142609] acpiphp: Slot [62] registered
[    1.142902] acpiphp: Slot [63] registered
[    1.143286] pci 0000:02:00.0: [15ad:0774] type 00 class 0x0c0300
[    1.144421] pci 0000:02:00.0: reg 0x20: [io  0x2400-0x241f]
[    1.147354] pci 0000:02:01.0: [8086:100f] type 00 class 0x020000
[    1.148178] pci 0000:02:01.0: reg 0x10: [mem 0xfd5a0000-0xfd5bffff 64bit]
[    1.148834] pci 0000:02:01.0: reg 0x18: [mem 0xfdff0000-0xfdffffff 64bit]
[    1.149453] pci 0000:02:01.0: reg 0x20: [io  0x2000-0x203f]
[    1.150215] pci 0000:02:01.0: reg 0x30: [mem 0x00000000-0x0000ffff pref]
[    1.150886] pci 0000:02:01.0: PME# supported from D0 D3hot D3cold
[    1.154006] pci 0000:02:02.0: [1274:1371] type 00 class 0x040100
[    1.154689] pci 0000:02:02.0: reg 0x10: [io  0x2040-0x207f]
[    1.158291] pci 0000:02:03.0: [15ad:0770] type 00 class 0x0c0320
[    1.158812] pci 0000:02:03.0: reg 0x10: [mem 0xfd5cf000-0xfd5cffff]
[    1.161943] pci 0000:02:04.0: [15ad:07e0] type 00 class 0x010601
[    1.164457] pci 0000:02:04.0: reg 0x24: [mem 0xfd5ce000-0xfd5cefff]
[    1.165139] pci 0000:02:04.0: reg 0x30: [mem 0x00000000-0x0000ffff pref]
[    1.165938] pci 0000:02:04.0: PME# supported from D3hot
[    1.168147] pci 0000:02:05.0: [8086:100f] type 00 class 0x020000
[    1.168830] pci 0000:02:05.0: reg 0x10: [mem 0xfd580000-0xfd59ffff 64bit]
[    1.169542] pci 0000:02:05.0: reg 0x18: [mem 0xfdfe0000-0xfdfeffff 64bit]
[    1.170186] pci 0000:02:05.0: reg 0x20: [io  0x2080-0x20bf]
[    1.170861] pci 0000:02:05.0: reg 0x30: [mem 0x00000000-0x0000ffff pref]
[    1.171568] pci 0000:02:05.0: PME# supported from D0 D3hot D3cold
[    1.173719] pci 0000:02:06.0: [8086:100f] type 00 class 0x020000
[    1.174418] pci 0000:02:06.0: reg 0x10: [mem 0xfd560000-0xfd57ffff 64bit]
[    1.174849] pci 0000:02:06.0: reg 0x18: [mem 0xfdfd0000-0xfdfdffff 64bit]
[    1.175648] pci 0000:02:06.0: reg 0x20: [io  0x20c0-0x20ff]
[    1.176557] pci 0000:02:06.0: reg 0x30: [mem 0x00000000-0x0000ffff pref]
[    1.177288] pci 0000:02:06.0: PME# supported from D0 D3hot D3cold
[    1.210223] pci 0000:00:11.0: PCI bridge to [bus 02] (subtractive decode)
[    1.210615] pci 0000:00:11.0:   bridge window [io  0x2000-0x3fff]
[    1.211002] pci 0000:00:11.0:   bridge window [mem 0xfd500000-0xfdffffff]
[    1.211436] pci 0000:00:11.0:   bridge window [mem 0xe7b00000-0xe7ffffff 64bit pref]
[    1.211897] pci 0000:00:11.0:   bridge window [mem 0x000a0000-0x000bffff window] (subtractive decode)
[    1.212430] pci 0000:00:11.0:   bridge window [mem 0x000d0000-0x000d3fff window] (subtractive decode)
[    1.212956] pci 0000:00:11.0:   bridge window [mem 0x000d4000-0x000d7fff window] (subtractive decode)
[    1.213482] pci 0000:00:11.0:   bridge window [mem 0x000d8000-0x000dbfff window] (subtractive decode)
[    1.214037] pci 0000:00:11.0:   bridge window [mem 0xc0000000-0xfebfffff window] (subtractive decode)
[    1.214599] pci 0000:00:11.0:   bridge window [io  0x0000-0x0cf7 window] (subtractive decode)
[    1.215126] pci 0000:00:11.0:   bridge window [io  0x0d00-0xfeff window] (subtractive decode)
[    1.255714] pci 0000:00:15.0: PCI bridge to [bus 03]
[    1.256098] pci 0000:00:15.0:   bridge window [io  0x4000-0x4fff]
[    1.256511] pci 0000:00:15.0:   bridge window [mem 0xfd400000-0xfd4fffff]
[    1.256977] pci 0000:00:15.0:   bridge window [mem 0xe7a00000-0xe7afffff 64bit pref]
[    1.300784] pci 0000:00:15.1: PCI bridge to [bus 04]
[    1.301163] pci 0000:00:15.1:   bridge window [io  0x8000-0x8fff]
[    1.301569] pci 0000:00:15.1:   bridge window [mem 0xfd000000-0xfd0fffff]
[    1.302024] pci 0000:00:15.1:   bridge window [mem 0xe7600000-0xe76fffff 64bit pref]
[    1.341343] pci 0000:00:15.2: PCI bridge to [bus 05]
[    1.341717] pci 0000:00:15.2:   bridge window [io  0xc000-0xcfff]
[    1.342118] pci 0000:00:15.2:   bridge window [mem 0xfcc00000-0xfccfffff]
[    1.342576] pci 0000:00:15.2:   bridge window [mem 0xe7200000-0xe72fffff 64bit pref]
[    1.380167] pci 0000:00:15.3: PCI bridge to [bus 06]
[    1.380609] pci 0000:00:15.3:   bridge window [mem 0xfc800000-0xfc8fffff]
[    1.381139] pci 0000:00:15.3:   bridge window [mem 0xe6e00000-0xe6efffff 64bit pref]
[    1.419068] pci 0000:00:15.4: PCI bridge to [bus 07]
[    1.419479] pci 0000:00:15.4:   bridge window [mem 0xfc400000-0xfc4fffff]
[    1.419944] pci 0000:00:15.4:   bridge window [mem 0xe6a00000-0xe6afffff 64bit pref]
[    1.458782] pci 0000:00:15.5: PCI bridge to [bus 08]
[    1.459159] pci 0000:00:15.5:   bridge window [mem 0xfc000000-0xfc0fffff]
[    1.459583] pci 0000:00:15.5:   bridge window [mem 0xe6600000-0xe66fffff 64bit pref]
[    1.498104] pci 0000:00:15.6: PCI bridge to [bus 09]
[    1.498496] pci 0000:00:15.6:   bridge window [mem 0xfbc00000-0xfbcfffff]
[    1.498630] pci 0000:00:15.6:   bridge window [mem 0xe6200000-0xe62fffff 64bit pref]
[    1.537909] pci 0000:00:15.7: PCI bridge to [bus 0a]
[    1.538314] pci 0000:00:15.7:   bridge window [mem 0xfb800000-0xfb8fffff]
[    1.538642] pci 0000:00:15.7:   bridge window [mem 0xe5e00000-0xe5efffff 64bit pref]
[    1.575161] pci 0000:00:16.0: PCI bridge to [bus 0b]
[    1.575658] pci 0000:00:16.0:   bridge window [io  0x5000-0x5fff]
[    1.576112] pci 0000:00:16.0:   bridge window [mem 0xfd300000-0xfd3fffff]
[    1.576611] pci 0000:00:16.0:   bridge window [mem 0xe7900000-0xe79fffff 64bit pref]
[    1.617296] pci 0000:00:16.1: PCI bridge to [bus 0c]
[    1.617685] pci 0000:00:16.1:   bridge window [io  0x9000-0x9fff]
[    1.618097] pci 0000:00:16.1:   bridge window [mem 0xfcf00000-0xfcffffff]
[    1.618561] pci 0000:00:16.1:   bridge window [mem 0xe7500000-0xe75fffff 64bit pref]
[    1.656899] pci 0000:00:16.2: PCI bridge to [bus 0d]
[    1.657287] pci 0000:00:16.2:   bridge window [io  0xd000-0xdfff]
[    1.657719] pci 0000:00:16.2:   bridge window [mem 0xfcb00000-0xfcbfffff]
[    1.658174] pci 0000:00:16.2:   bridge window [mem 0xe7100000-0xe71fffff 64bit pref]
[    1.696896] pci 0000:00:16.3: PCI bridge to [bus 0e]
[    1.697318] pci 0000:00:16.3:   bridge window [mem 0xfc700000-0xfc7fffff]
[    1.697798] pci 0000:00:16.3:   bridge window [mem 0xe6d00000-0xe6dfffff 64bit pref]
[    1.738200] pci 0000:00:16.4: PCI bridge to [bus 0f]
[    1.738605] pci 0000:00:16.4:   bridge window [mem 0xfc300000-0xfc3fffff]
[    1.739087] pci 0000:00:16.4:   bridge window [mem 0xe6900000-0xe69fffff 64bit pref]
[    1.776634] pci 0000:00:16.5: PCI bridge to [bus 10]
[    1.777032] pci 0000:00:16.5:   bridge window [mem 0xfbf00000-0xfbffffff]
[    1.777494] pci 0000:00:16.5:   bridge window [mem 0xe6500000-0xe65fffff 64bit pref]
[    1.816453] pci 0000:00:16.6: PCI bridge to [bus 11]
[    1.816869] pci 0000:00:16.6:   bridge window [mem 0xfbb00000-0xfbbfffff]
[    1.817311] pci 0000:00:16.6:   bridge window [mem 0xe6100000-0xe61fffff 64bit pref]
[    1.855031] pci 0000:00:16.7: PCI bridge to [bus 12]
[    1.855404] pci 0000:00:16.7:   bridge window [mem 0xfb700000-0xfb7fffff]
[    1.855840] pci 0000:00:16.7:   bridge window [mem 0xe5d00000-0xe5dfffff 64bit pref]
[    1.894187] pci 0000:00:17.0: PCI bridge to [bus 13]
[    1.894616] pci 0000:00:17.0:   bridge window [io  0x6000-0x6fff]
[    1.895026] pci 0000:00:17.0:   bridge window [mem 0xfd200000-0xfd2fffff]
[    1.895477] pci 0000:00:17.0:   bridge window [mem 0xe7800000-0xe78fffff 64bit pref]
[    1.933919] pci 0000:00:17.1: PCI bridge to [bus 14]
[    1.934289] pci 0000:00:17.1:   bridge window [io  0xa000-0xafff]
[    1.934616] pci 0000:00:17.1:   bridge window [mem 0xfce00000-0xfcefffff]
[    1.935066] pci 0000:00:17.1:   bridge window [mem 0xe7400000-0xe74fffff 64bit pref]
[    1.975200] pci 0000:00:17.2: PCI bridge to [bus 15]
[    1.975602] pci 0000:00:17.2:   bridge window [io  0xe000-0xefff]
[    1.976023] pci 0000:00:17.2:   bridge window [mem 0xfca00000-0xfcafffff]
[    1.976464] pci 0000:00:17.2:   bridge window [mem 0xe7000000-0xe70fffff 64bit pref]
[    2.014521] pci 0000:00:17.3: PCI bridge to [bus 16]
[    2.014633] pci 0000:00:17.3:   bridge window [mem 0xfc600000-0xfc6fffff]
[    2.015086] pci 0000:00:17.3:   bridge window [mem 0xe6c00000-0xe6cfffff 64bit pref]
[    2.053646] pci 0000:00:17.4: PCI bridge to [bus 17]
[    2.054031] pci 0000:00:17.4:   bridge window [mem 0xfc200000-0xfc2fffff]
[    2.054466] pci 0000:00:17.4:   bridge window [mem 0xe6800000-0xe68fffff 64bit pref]
[    2.092034] pci 0000:00:17.5: PCI bridge to [bus 18]
[    2.092444] pci 0000:00:17.5:   bridge window [mem 0xfbe00000-0xfbefffff]
[    2.092927] pci 0000:00:17.5:   bridge window [mem 0xe6400000-0xe64fffff 64bit pref]
[    2.132404] pci 0000:00:17.6: PCI bridge to [bus 19]
[    2.132813] pci 0000:00:17.6:   bridge window [mem 0xfba00000-0xfbafffff]
[    2.133286] pci 0000:00:17.6:   bridge window [mem 0xe6000000-0xe60fffff 64bit pref]
[    2.171855] pci 0000:00:17.7: PCI bridge to [bus 1a]
[    2.172295] pci 0000:00:17.7:   bridge window [mem 0xfb600000-0xfb6fffff]
[    2.172811] pci 0000:00:17.7:   bridge window [mem 0xe5c00000-0xe5cfffff 64bit pref]
[    2.211709] pci 0000:00:18.0: PCI bridge to [bus 1b]
[    2.212094] pci 0000:00:18.0:   bridge window [io  0x7000-0x7fff]
[    2.212508] pci 0000:00:18.0:   bridge window [mem 0xfd100000-0xfd1fffff]
[    2.212974] pci 0000:00:18.0:   bridge window [mem 0xe7700000-0xe77fffff 64bit pref]
[    2.252314] pci 0000:00:18.1: PCI bridge to [bus 1c]
[    2.252710] pci 0000:00:18.1:   bridge window [io  0xb000-0xbfff]
[    2.253122] pci 0000:00:18.1:   bridge window [mem 0xfcd00000-0xfcdfffff]
[    2.253597] pci 0000:00:18.1:   bridge window [mem 0xe7300000-0xe73fffff 64bit pref]
[    2.292840] pci 0000:00:18.2: PCI bridge to [bus 1d]
[    2.293260] pci 0000:00:18.2:   bridge window [mem 0xfc900000-0xfc9fffff]
[    2.293742] pci 0000:00:18.2:   bridge window [mem 0xe6f00000-0xe6ffffff 64bit pref]
[    2.334696] pci 0000:00:18.3: PCI bridge to [bus 1e]
[    2.335108] pci 0000:00:18.3:   bridge window [mem 0xfc500000-0xfc5fffff]
[    2.335572] pci 0000:00:18.3:   bridge window [mem 0xe6b00000-0xe6bfffff 64bit pref]
[    2.374728] pci 0000:00:18.4: PCI bridge to [bus 1f]
[    2.375128] pci 0000:00:18.4:   bridge window [mem 0xfc100000-0xfc1fffff]
[    2.375585] pci 0000:00:18.4:   bridge window [mem 0xe6700000-0xe67fffff 64bit pref]
[    2.417762] pci 0000:00:18.5: PCI bridge to [bus 20]
[    2.418266] pci 0000:00:18.5:   bridge window [mem 0xfbd00000-0xfbdfffff]
[    2.418638] pci 0000:00:18.5:   bridge window [mem 0xe6300000-0xe63fffff 64bit pref]
[    2.456082] pci 0000:00:18.6: PCI bridge to [bus 21]
[    2.456570] pci 0000:00:18.6:   bridge window [mem 0xfb900000-0xfb9fffff]
[    2.457126] pci 0000:00:18.6:   bridge window [mem 0xe5f00000-0xe5ffffff 64bit pref]
[    2.496511] pci 0000:00:18.7: PCI bridge to [bus 22]
[    2.496952] pci 0000:00:18.7:   bridge window [mem 0xfb500000-0xfb5fffff]
[    2.497450] pci 0000:00:18.7:   bridge window [mem 0xe5b00000-0xe5bfffff 64bit pref]
[    2.502123] ACPI: PCI: Interrupt link LNKA configured for IRQ 9
[    2.502640] ACPI: PCI: Interrupt link LNKB configured for IRQ 11
[    2.503160] ACPI: PCI: Interrupt link LNKC configured for IRQ 10
[    2.503672] ACPI: PCI: Interrupt link LNKD configured for IRQ 7
[    2.526683] iommu: Default domain type: Translated 
[    2.526969] iommu: DMA domain TLB invalidation policy: lazy mode 
[    2.527405] pci 0000:00:0f.0: vgaarb: setting as boot VGA device
[    2.527405] pci 0000:00:0f.0: vgaarb: VGA device added: decodes=io+mem,owns=io+mem,locks=none
[    2.530605] pci 0000:00:0f.0: vgaarb: bridge control possible
[    2.531018] vgaarb: loaded
[    2.531549] SCSI subsystem initialized
[    2.531878] libata version 3.00 loaded.
[    2.531878] ACPI: bus type USB registered
[    2.531878] usbcore: registered new interface driver usbfs
[    2.531878] usbcore: registered new interface driver hub
[    2.531878] usbcore: registered new device driver usb
[    2.531878] pps_core: LinuxPPS API ver. 1 registered
[    2.531878] pps_core: Software ver. 5.3.6 - Copyright 2005-2007 Rodolfo Giometti <giometti@linux.it>
[    2.532248] PTP clock support registered
[    2.534853] EDAC MC: Ver: 3.0.0
[    2.536038] NetLabel: Initializing
[    2.538597] NetLabel:  domain hash size = 128
[    2.538901] NetLabel:  protocols = UNLABELED CIPSOv4 CALIPSO
[    2.539281] NetLabel:  unlabeled traffic allowed by default
[    2.540592] PCI: Using ACPI for IRQ routing
[    2.728405] PCI: pci_cache_line_size set to 64 bytes
[    2.729302] e820: reserve RAM buffer [mem 0x0009e800-0x0009ffff]
[    2.729304] e820: reserve RAM buffer [mem 0xbfed0000-0xbfffffff]
[    2.729322] hpet0: at MMIO 0xfed00000, IRQs 2, 8, 0, 0, 0, 0, 0, 0, 0, 0, 0, 0, 0, 0, 0, 0
[    2.729322] hpet0: 16 comparators, 64-bit 14.318180 MHz counter
[    2.730746] clocksource: Switched to clocksource tsc-early
[    2.764418] VFS: Disk quotas dquot_6.6.0
[    2.764726] VFS: Dquot-cache hash table entries: 512 (order 0, 4096 bytes)
[    2.765329] AppArmor: AppArmor Filesystem Enabled
[    2.765624] pnp: PnP ACPI init
[    2.765972] system 00:00: [io  0x1000-0x103f] has been reserved
[    2.766452] system 00:00: [io  0x1040-0x104f] has been reserved
[    2.767540] system 00:00: [io  0x0cf0-0x0cf1] has been reserved
[    2.768198] system 00:04: [mem 0xfed00000-0xfed003ff] has been reserved
[    2.769557] system 00:05: [io  0xfce0-0xfcff] has been reserved
[    2.769906] system 00:05: [mem 0xf0000000-0xf7ffffff] has been reserved
[    2.770280] system 00:05: [mem 0xfe800000-0xfe9fffff] has been reserved
[    2.787862] pnp: PnP ACPI: found 6 devices
[    2.802884] clocksource: acpi_pm: mask: 0xffffff max_cycles: 0xffffff, max_idle_ns: 2085701024 ns
[    2.803950] NET: Registered PF_INET protocol family
[    2.805980] IP idents hash table entries: 65536 (order: 7, 524288 bytes, linear)
[    2.813534] tcp_listen_portaddr_hash hash table entries: 2048 (order: 3, 32768 bytes, linear)
[    2.815184] Table-perturb hash table entries: 65536 (order: 6, 262144 bytes, linear)
[    2.816382] TCP established hash table entries: 32768 (order: 6, 262144 bytes, linear)
[    2.819063] TCP bind hash table entries: 32768 (order: 7, 524288 bytes, linear)
[    2.819532] TCP: Hash tables configured (established 32768 bind 32768)
[    2.822894] MPTCP token hash table entries: 4096 (order: 4, 98304 bytes, linear)
[    2.823475] UDP hash table entries: 2048 (order: 4, 65536 bytes, linear)
[    2.824273] UDP-Lite hash table entries: 2048 (order: 4, 65536 bytes, linear)
[    2.825482] NET: Registered PF_UNIX/PF_LOCAL protocol family
[    2.825840] NET: Registered PF_XDP protocol family
[    2.826151] pci 0000:00:15.3: bridge window [io  0x1000-0x0fff] to [bus 06] add_size 1000
[    2.826623] pci 0000:00:15.4: bridge window [io  0x1000-0x0fff] to [bus 07] add_size 1000
[    2.827094] pci 0000:00:15.5: bridge window [io  0x1000-0x0fff] to [bus 08] add_size 1000
[    2.827558] pci 0000:00:15.6: bridge window [io  0x1000-0x0fff] to [bus 09] add_size 1000
[    2.828036] pci 0000:00:15.7: bridge window [io  0x1000-0x0fff] to [bus 0a] add_size 1000
[    2.828502] pci 0000:00:16.3: bridge window [io  0x1000-0x0fff] to [bus 0e] add_size 1000
[    2.828964] pci 0000:00:16.4: bridge window [io  0x1000-0x0fff] to [bus 0f] add_size 1000
[    2.829428] pci 0000:00:16.5: bridge window [io  0x1000-0x0fff] to [bus 10] add_size 1000
[    2.829928] pci 0000:00:16.6: bridge window [io  0x1000-0x0fff] to [bus 11] add_size 1000
[    2.830391] pci 0000:00:16.7: bridge window [io  0x1000-0x0fff] to [bus 12] add_size 1000
[    2.830912] pci 0000:00:17.3: bridge window [io  0x1000-0x0fff] to [bus 16] add_size 1000
[    2.831403] pci 0000:00:17.4: bridge window [io  0x1000-0x0fff] to [bus 17] add_size 1000
[    2.831878] pci 0000:00:17.5: bridge window [io  0x1000-0x0fff] to [bus 18] add_size 1000
[    2.832346] pci 0000:00:17.6: bridge window [io  0x1000-0x0fff] to [bus 19] add_size 1000
[    2.832817] pci 0000:00:17.7: bridge window [io  0x1000-0x0fff] to [bus 1a] add_size 1000
[    2.833286] pci 0000:00:18.2: bridge window [io  0x1000-0x0fff] to [bus 1d] add_size 1000
[    2.833755] pci 0000:00:18.3: bridge window [io  0x1000-0x0fff] to [bus 1e] add_size 1000
[    2.834249] pci 0000:00:18.4: bridge window [io  0x1000-0x0fff] to [bus 1f] add_size 1000
[    2.834749] pci 0000:00:18.5: bridge window [io  0x1000-0x0fff] to [bus 20] add_size 1000
[    2.835246] pci 0000:00:18.6: bridge window [io  0x1000-0x0fff] to [bus 21] add_size 1000
[    2.835735] pci 0000:00:18.7: bridge window [io  0x1000-0x0fff] to [bus 22] add_size 1000
[    2.836232] pci 0000:00:10.0: BAR 6: assigned [mem 0xc0000000-0xc0003fff pref]
[    2.836676] pci 0000:00:15.3: BAR 13: no space for [io  size 0x1000]
[    2.837062] pci 0000:00:15.3: BAR 13: failed to assign [io  size 0x1000]
[    2.837474] pci 0000:00:15.4: BAR 13: no space for [io  size 0x1000]
[    2.837869] pci 0000:00:15.4: BAR 13: failed to assign [io  size 0x1000]
[    2.838286] pci 0000:00:15.5: BAR 13: no space for [io  size 0x1000]
[    2.838697] pci 0000:00:15.5: BAR 13: failed to assign [io  size 0x1000]
[    2.839100] pci 0000:00:15.6: BAR 13: no space for [io  size 0x1000]
[    2.839485] pci 0000:00:15.6: BAR 13: failed to assign [io  size 0x1000]
[    2.839888] pci 0000:00:15.7: BAR 13: no space for [io  size 0x1000]
[    2.840275] pci 0000:00:15.7: BAR 13: failed to assign [io  size 0x1000]
[    2.840677] pci 0000:00:16.3: BAR 13: no space for [io  size 0x1000]
[    2.841062] pci 0000:00:16.3: BAR 13: failed to assign [io  size 0x1000]
[    2.841465] pci 0000:00:16.4: BAR 13: no space for [io  size 0x1000]
[    2.841853] pci 0000:00:16.4: BAR 13: failed to assign [io  size 0x1000]
[    2.842255] pci 0000:00:16.5: BAR 13: no space for [io  size 0x1000]
[    2.842654] pci 0000:00:16.5: BAR 13: failed to assign [io  size 0x1000]
[    2.843059] pci 0000:00:16.6: BAR 13: no space for [io  size 0x1000]
[    2.843457] pci 0000:00:16.6: BAR 13: failed to assign [io  size 0x1000]
[    2.843875] pci 0000:00:16.7: BAR 13: no space for [io  size 0x1000]
[    2.844278] pci 0000:00:16.7: BAR 13: failed to assign [io  size 0x1000]
[    2.844700] pci 0000:00:17.3: BAR 13: no space for [io  size 0x1000]
[    2.845115] pci 0000:00:17.3: BAR 13: failed to assign [io  size 0x1000]
[    2.845564] pci 0000:00:17.4: BAR 13: no space for [io  size 0x1000]
[    2.845969] pci 0000:00:17.4: BAR 13: failed to assign [io  size 0x1000]
[    2.846392] pci 0000:00:17.5: BAR 13: no space for [io  size 0x1000]
[    2.846800] pci 0000:00:17.5: BAR 13: failed to assign [io  size 0x1000]
[    2.847226] pci 0000:00:17.6: BAR 13: no space for [io  size 0x1000]
[    2.847660] pci 0000:00:17.6: BAR 13: failed to assign [io  size 0x1000]
[    2.848090] pci 0000:00:17.7: BAR 13: no space for [io  size 0x1000]
[    2.848496] pci 0000:00:17.7: BAR 13: failed to assign [io  size 0x1000]
[    2.848921] pci 0000:00:18.2: BAR 13: no space for [io  size 0x1000]
[    2.849329] pci 0000:00:18.2: BAR 13: failed to assign [io  size 0x1000]
[    2.849761] pci 0000:00:18.3: BAR 13: no space for [io  size 0x1000]
[    2.850166] pci 0000:00:18.3: BAR 13: failed to assign [io  size 0x1000]
[    2.850599] pci 0000:00:18.4: BAR 13: no space for [io  size 0x1000]
[    2.851007] pci 0000:00:18.4: BAR 13: failed to assign [io  size 0x1000]
[    2.851432] pci 0000:00:18.5: BAR 13: no space for [io  size 0x1000]
[    2.851838] pci 0000:00:18.5: BAR 13: failed to assign [io  size 0x1000]
[    2.852261] pci 0000:00:18.6: BAR 13: no space for [io  size 0x1000]
[    2.852666] pci 0000:00:18.6: BAR 13: failed to assign [io  size 0x1000]
[    2.853094] pci 0000:00:18.7: BAR 13: no space for [io  size 0x1000]
[    2.853498] pci 0000:00:18.7: BAR 13: failed to assign [io  size 0x1000]
[    2.853933] pci 0000:00:18.7: BAR 13: no space for [io  size 0x1000]
[    2.854338] pci 0000:00:18.7: BAR 13: failed to assign [io  size 0x1000]
[    2.854768] pci 0000:00:18.6: BAR 13: no space for [io  size 0x1000]
[    2.855177] pci 0000:00:18.6: BAR 13: failed to assign [io  size 0x1000]
[    2.855602] pci 0000:00:18.5: BAR 13: no space for [io  size 0x1000]
[    2.856008] pci 0000:00:18.5: BAR 13: failed to assign [io  size 0x1000]
[    2.856433] pci 0000:00:18.4: BAR 13: no space for [io  size 0x1000]
[    2.856839] pci 0000:00:18.4: BAR 13: failed to assign [io  size 0x1000]
[    2.857298] pci 0000:00:18.3: BAR 13: no space for [io  size 0x1000]
[    2.857704] pci 0000:00:18.3: BAR 13: failed to assign [io  size 0x1000]
[    2.858126] pci 0000:00:18.2: BAR 13: no space for [io  size 0x1000]
[    2.858530] pci 0000:00:18.2: BAR 13: failed to assign [io  size 0x1000]
[    2.858963] pci 0000:00:17.7: BAR 13: no space for [io  size 0x1000]
[    2.859368] pci 0000:00:17.7: BAR 13: failed to assign [io  size 0x1000]
[    2.859795] pci 0000:00:17.6: BAR 13: no space for [io  size 0x1000]
[    2.860211] pci 0000:00:17.6: BAR 13: failed to assign [io  size 0x1000]
[    2.860636] pci 0000:00:17.5: BAR 13: no space for [io  size 0x1000]
[    2.861059] pci 0000:00:17.5: BAR 13: failed to assign [io  size 0x1000]
[    2.861484] pci 0000:00:17.4: BAR 13: no space for [io  size 0x1000]
[    2.861889] pci 0000:00:17.4: BAR 13: failed to assign [io  size 0x1000]
[    2.862312] pci 0000:00:17.3: BAR 13: no space for [io  size 0x1000]
[    2.862911] pci 0000:00:17.3: BAR 13: failed to assign [io  size 0x1000]
[    2.863344] pci 0000:00:16.7: BAR 13: no space for [io  size 0x1000]
[    2.863747] pci 0000:00:16.7: BAR 13: failed to assign [io  size 0x1000]
[    2.864173] pci 0000:00:16.6: BAR 13: no space for [io  size 0x1000]
[    2.864593] pci 0000:00:16.6: BAR 13: failed to assign [io  size 0x1000]
[    2.865017] pci 0000:00:16.5: BAR 13: no space for [io  size 0x1000]
[    2.865423] pci 0000:00:16.5: BAR 13: failed to assign [io  size 0x1000]
[    2.865844] pci 0000:00:16.4: BAR 13: no space for [io  size 0x1000]
[    2.866249] pci 0000:00:16.4: BAR 13: failed to assign [io  size 0x1000]
[    2.866684] pci 0000:00:16.3: BAR 13: no space for [io  size 0x1000]
[    2.867088] pci 0000:00:16.3: BAR 13: failed to assign [io  size 0x1000]
[    2.867515] pci 0000:00:15.7: BAR 13: no space for [io  size 0x1000]
[    2.867921] pci 0000:00:15.7: BAR 13: failed to assign [io  size 0x1000]
[    2.868353] pci 0000:00:15.6: BAR 13: no space for [io  size 0x1000]
[    2.868750] pci 0000:00:15.6: BAR 13: failed to assign [io  size 0x1000]
[    2.869165] pci 0000:00:15.5: BAR 13: no space for [io  size 0x1000]
[    2.869566] pci 0000:00:15.5: BAR 13: failed to assign [io  size 0x1000]
[    2.869982] pci 0000:00:15.4: BAR 13: no space for [io  size 0x1000]
[    2.870384] pci 0000:00:15.4: BAR 13: failed to assign [io  size 0x1000]
[    2.870804] pci 0000:00:15.3: BAR 13: no space for [io  size 0x1000]
[    2.871219] pci 0000:00:15.3: BAR 13: failed to assign [io  size 0x1000]
[    2.871639] pci 0000:00:01.0: PCI bridge to [bus 01]
[    2.872057] pci 0000:02:01.0: BAR 6: assigned [mem 0xfd500000-0xfd50ffff pref]
[    2.872511] pci 0000:02:04.0: BAR 6: assigned [mem 0xfd510000-0xfd51ffff pref]
[    2.873075] pci 0000:02:05.0: BAR 6: assigned [mem 0xfd520000-0xfd52ffff pref]
[    2.873515] pci 0000:02:06.0: BAR 6: assigned [mem 0xfd530000-0xfd53ffff pref]
[    2.873963] pci 0000:00:11.0: PCI bridge to [bus 02]
[    2.874298] pci 0000:00:11.0:   bridge window [io  0x2000-0x3fff]
[    2.874713] pci 0000:00:11.0:   bridge window [mem 0xfd500000-0xfdffffff]
[    2.875129] pci 0000:00:11.0:   bridge window [mem 0xe7b00000-0xe7ffffff 64bit pref]
[    2.875607] pci 0000:00:15.0: PCI bridge to [bus 03]
[    2.875926] pci 0000:00:15.0:   bridge window [io  0x4000-0x4fff]
[    2.876310] pci 0000:00:15.0:   bridge window [mem 0xfd400000-0xfd4fffff]
[    2.876720] pci 0000:00:15.0:   bridge window [mem 0xe7a00000-0xe7afffff 64bit pref]
[    2.877198] pci 0000:00:15.1: PCI bridge to [bus 04]
[    2.877511] pci 0000:00:15.1:   bridge window [io  0x8000-0x8fff]
[    2.877929] pci 0000:00:15.1:   bridge window [mem 0xfd000000-0xfd0fffff]
[    2.878505] pci 0000:00:15.1:   bridge window [mem 0xe7600000-0xe76fffff 64bit pref]
[    2.878995] pci 0000:00:15.2: PCI bridge to [bus 05]
[    2.879322] pci 0000:00:15.2:   bridge window [io  0xc000-0xcfff]
[    2.880461] pci 0000:00:15.2:   bridge window [mem 0xfcc00000-0xfccfffff]
[    2.880872] pci 0000:00:15.2:   bridge window [mem 0xe7200000-0xe72fffff 64bit pref]
[    2.881356] pci 0000:00:15.3: PCI bridge to [bus 06]
[    2.881688] pci 0000:00:15.3:   bridge window [mem 0xfc800000-0xfc8fffff]
[    2.882105] pci 0000:00:15.3:   bridge window [mem 0xe6e00000-0xe6efffff 64bit pref]
[    2.882584] pci 0000:00:15.4: PCI bridge to [bus 07]
[    2.882922] pci 0000:00:15.4:   bridge window [mem 0xfc400000-0xfc4fffff]
[    2.883331] pci 0000:00:15.4:   bridge window [mem 0xe6a00000-0xe6afffff 64bit pref]
[    2.883810] pci 0000:00:15.5: PCI bridge to [bus 08]
[    2.884142] pci 0000:00:15.5:   bridge window [mem 0xfc000000-0xfc0fffff]
[    2.884550] pci 0000:00:15.5:   bridge window [mem 0xe6600000-0xe66fffff 64bit pref]
[    2.885030] pci 0000:00:15.6: PCI bridge to [bus 09]
[    2.885370] pci 0000:00:15.6:   bridge window [mem 0xfbc00000-0xfbcfffff]
[    2.885821] pci 0000:00:15.6:   bridge window [mem 0xe6200000-0xe62fffff 64bit pref]
[    2.886314] pci 0000:00:15.7: PCI bridge to [bus 0a]
[    2.886657] pci 0000:00:15.7:   bridge window [mem 0xfb800000-0xfb8fffff]
[    2.887077] pci 0000:00:15.7:   bridge window [mem 0xe5e00000-0xe5efffff 64bit pref]
[    2.887571] pci 0000:00:16.0: PCI bridge to [bus 0b]
[    2.887901] pci 0000:00:16.0:   bridge window [io  0x5000-0x5fff]
[    2.888290] pci 0000:00:16.0:   bridge window [mem 0xfd300000-0xfd3fffff]
[    2.888717] pci 0000:00:16.0:   bridge window [mem 0xe7900000-0xe79fffff 64bit pref]
[    2.889224] pci 0000:00:16.1: PCI bridge to [bus 0c]
[    2.889545] pci 0000:00:16.1:   bridge window [io  0x9000-0x9fff]
[    2.889940] pci 0000:00:16.1:   bridge window [mem 0xfcf00000-0xfcffffff]
[    2.890355] pci 0000:00:16.1:   bridge window [mem 0xe7500000-0xe75fffff 64bit pref]
[    2.890848] pci 0000:00:16.2: PCI bridge to [bus 0d]
[    2.891170] pci 0000:00:16.2:   bridge window [io  0xd000-0xdfff]
[    2.891565] pci 0000:00:16.2:   bridge window [mem 0xfcb00000-0xfcbfffff]
[    2.891980] pci 0000:00:16.2:   bridge window [mem 0xe7100000-0xe71fffff 64bit pref]
[    2.892467] pci 0000:00:16.3: PCI bridge to [bus 0e]
[    2.892802] pci 0000:00:16.3:   bridge window [mem 0xfc700000-0xfc7fffff]
[    2.893217] pci 0000:00:16.3:   bridge window [mem 0xe6d00000-0xe6dfffff 64bit pref]
[    2.893937] pci 0000:00:16.4: PCI bridge to [bus 0f]
[    2.894273] pci 0000:00:16.4:   bridge window [mem 0xfc300000-0xfc3fffff]
[    2.894712] pci 0000:00:16.4:   bridge window [mem 0xe6900000-0xe69fffff 64bit pref]
[    2.895208] pci 0000:00:16.5: PCI bridge to [bus 10]
[    2.895550] pci 0000:00:16.5:   bridge window [mem 0xfbf00000-0xfbffffff]
[    2.895963] pci 0000:00:16.5:   bridge window [mem 0xe6500000-0xe65fffff 64bit pref]
[    2.896446] pci 0000:00:16.6: PCI bridge to [bus 11]
[    2.896780] pci 0000:00:16.6:   bridge window [mem 0xfbb00000-0xfbbfffff]
[    2.897194] pci 0000:00:16.6:   bridge window [mem 0xe6100000-0xe61fffff 64bit pref]
[    2.897685] pci 0000:00:16.7: PCI bridge to [bus 12]
[    2.898012] pci 0000:00:16.7:   bridge window [mem 0xfb700000-0xfb7fffff]
[    2.898418] pci 0000:00:16.7:   bridge window [mem 0xe5d00000-0xe5dfffff 64bit pref]
[    2.898899] pci 0000:00:17.0: PCI bridge to [bus 13]
[    2.899218] pci 0000:00:17.0:   bridge window [io  0x6000-0x6fff]
[    2.899609] pci 0000:00:17.0:   bridge window [mem 0xfd200000-0xfd2fffff]
[    2.900035] pci 0000:00:17.0:   bridge window [mem 0xe7800000-0xe78fffff 64bit pref]
[    2.900523] pci 0000:00:17.1: PCI bridge to [bus 14]
[    2.900851] pci 0000:00:17.1:   bridge window [io  0xa000-0xafff]
[    2.901375] pci 0000:00:17.1:   bridge window [mem 0xfce00000-0xfcefffff]
[    2.901826] pci 0000:00:17.1:   bridge window [mem 0xe7400000-0xe74fffff 64bit pref]
[    2.902316] pci 0000:00:17.2: PCI bridge to [bus 15]
[    2.902653] pci 0000:00:17.2:   bridge window [io  0xe000-0xefff]
[    2.903067] pci 0000:00:17.2:   bridge window [mem 0xfca00000-0xfcafffff]
[    2.903492] pci 0000:00:17.2:   bridge window [mem 0xe7000000-0xe70fffff 64bit pref]
[    2.903981] pci 0000:00:17.3: PCI bridge to [bus 16]
[    2.904316] pci 0000:00:17.3:   bridge window [mem 0xfc600000-0xfc6fffff]
[    2.904732] pci 0000:00:17.3:   bridge window [mem 0xe6c00000-0xe6cfffff 64bit pref]
[    2.905220] pci 0000:00:17.4: PCI bridge to [bus 17]
[    2.905551] pci 0000:00:17.4:   bridge window [mem 0xfc200000-0xfc2fffff]
[    2.905963] pci 0000:00:17.4:   bridge window [mem 0xe6800000-0xe68fffff 64bit pref]
[    2.906441] pci 0000:00:17.5: PCI bridge to [bus 18]
[    2.906774] pci 0000:00:17.5:   bridge window [mem 0xfbe00000-0xfbefffff]
[    2.907186] pci 0000:00:17.5:   bridge window [mem 0xe6400000-0xe64fffff 64bit pref]
[    2.907664] pci 0000:00:17.6: PCI bridge to [bus 19]
[    2.907992] pci 0000:00:17.6:   bridge window [mem 0xfba00000-0xfbafffff]
[    2.908397] pci 0000:00:17.6:   bridge window [mem 0xe6000000-0xe60fffff 64bit pref]
[    2.908893] pci 0000:00:17.7: PCI bridge to [bus 1a]
[    2.909267] pci 0000:00:17.7:   bridge window [mem 0xfb600000-0xfb6fffff]
[    2.909781] pci 0000:00:17.7:   bridge window [mem 0xe5c00000-0xe5cfffff 64bit pref]
[    2.910336] pci 0000:00:18.0: PCI bridge to [bus 1b]
[    2.910726] pci 0000:00:18.0:   bridge window [io  0x7000-0x7fff]
[    2.911197] pci 0000:00:18.0:   bridge window [mem 0xfd100000-0xfd1fffff]
[    2.911731] pci 0000:00:18.0:   bridge window [mem 0xe7700000-0xe77fffff 64bit pref]
[    2.912354] pci 0000:00:18.1: PCI bridge to [bus 1c]
[    2.912763] pci 0000:00:18.1:   bridge window [io  0xb000-0xbfff]
[    2.913281] pci 0000:00:18.1:   bridge window [mem 0xfcd00000-0xfcdfffff]
[    2.913797] pci 0000:00:18.1:   bridge window [mem 0xe7300000-0xe73fffff 64bit pref]
[    2.914397] pci 0000:00:18.2: PCI bridge to [bus 1d]
[    2.914829] pci 0000:00:18.2:   bridge window [mem 0xfc900000-0xfc9fffff]
[    2.915424] pci 0000:00:18.2:   bridge window [mem 0xe6f00000-0xe6ffffff 64bit pref]
[    2.916176] pci 0000:00:18.3: PCI bridge to [bus 1e]
[    2.916684] pci 0000:00:18.3:   bridge window [mem 0xfc500000-0xfc5fffff]
[    2.917296] pci 0000:00:18.3:   bridge window [mem 0xe6b00000-0xe6bfffff 64bit pref]
[    2.918020] pci 0000:00:18.4: PCI bridge to [bus 1f]
[    2.918490] pci 0000:00:18.4:   bridge window [mem 0xfc100000-0xfc1fffff]
[    2.919066] pci 0000:00:18.4:   bridge window [mem 0xe6700000-0xe67fffff 64bit pref]
[    2.919652] pci 0000:00:18.5: PCI bridge to [bus 20]
[    2.920039] pci 0000:00:18.5:   bridge window [mem 0xfbd00000-0xfbdfffff]
[    2.920506] pci 0000:00:18.5:   bridge window [mem 0xe6300000-0xe63fffff 64bit pref]
[    2.921047] pci 0000:00:18.6: PCI bridge to [bus 21]
[    2.921410] pci 0000:00:18.6:   bridge window [mem 0xfb900000-0xfb9fffff]
[    2.921845] pci 0000:00:18.6:   bridge window [mem 0xe5f00000-0xe5ffffff 64bit pref]
[    2.922357] pci 0000:00:18.7: PCI bridge to [bus 22]
[    2.922710] pci 0000:00:18.7:   bridge window [mem 0xfb500000-0xfb5fffff]
[    2.923140] pci 0000:00:18.7:   bridge window [mem 0xe5b00000-0xe5bfffff 64bit pref]
[    2.923627] pci_bus 0000:00: resource 4 [mem 0x000a0000-0x000bffff window]
[    2.924020] pci_bus 0000:00: resource 5 [mem 0x000d0000-0x000d3fff window]
[    2.924398] pci_bus 0000:00: resource 6 [mem 0x000d4000-0x000d7fff window]
[    2.924770] pci_bus 0000:00: resource 7 [mem 0x000d8000-0x000dbfff window]
[    2.925138] pci_bus 0000:00: resource 8 [mem 0xc0000000-0xfebfffff window]
[    2.925517] pci_bus 0000:00: resource 9 [io  0x0000-0x0cf7 window]
[    2.925860] pci_bus 0000:00: resource 10 [io  0x0d00-0xfeff window]
[    2.926199] pci_bus 0000:02: resource 0 [io  0x2000-0x3fff]
[    2.926508] pci_bus 0000:02: resource 1 [mem 0xfd500000-0xfdffffff]
[    2.926850] pci_bus 0000:02: resource 2 [mem 0xe7b00000-0xe7ffffff 64bit pref]
[    2.927253] pci_bus 0000:02: resource 4 [mem 0x000a0000-0x000bffff window]
[    2.927632] pci_bus 0000:02: resource 5 [mem 0x000d0000-0x000d3fff window]
[    2.928014] pci_bus 0000:02: resource 6 [mem 0x000d4000-0x000d7fff window]
[    2.928392] pci_bus 0000:02: resource 7 [mem 0x000d8000-0x000dbfff window]
[    2.928771] pci_bus 0000:02: resource 8 [mem 0xc0000000-0xfebfffff window]
[    2.929194] pci_bus 0000:02: resource 9 [io  0x0000-0x0cf7 window]
[    2.929573] pci_bus 0000:02: resource 10 [io  0x0d00-0xfeff window]
[    2.929963] pci_bus 0000:03: resource 0 [io  0x4000-0x4fff]
[    2.930313] pci_bus 0000:03: resource 1 [mem 0xfd400000-0xfd4fffff]
[    2.930709] pci_bus 0000:03: resource 2 [mem 0xe7a00000-0xe7afffff 64bit pref]
[    2.931169] pci_bus 0000:04: resource 0 [io  0x8000-0x8fff]
[    2.931537] pci_bus 0000:04: resource 1 [mem 0xfd000000-0xfd0fffff]
[    2.931954] pci_bus 0000:04: resource 2 [mem 0xe7600000-0xe76fffff 64bit pref]
[    2.932446] pci_bus 0000:05: resource 0 [io  0xc000-0xcfff]
[    2.932829] pci_bus 0000:05: resource 1 [mem 0xfcc00000-0xfccfffff]
[    2.933253] pci_bus 0000:05: resource 2 [mem 0xe7200000-0xe72fffff 64bit pref]
[    2.933726] pci_bus 0000:06: resource 1 [mem 0xfc800000-0xfc8fffff]
[    2.934135] pci_bus 0000:06: resource 2 [mem 0xe6e00000-0xe6efffff 64bit pref]
[    2.934613] pci_bus 0000:07: resource 1 [mem 0xfc400000-0xfc4fffff]
[    2.935030] pci_bus 0000:07: resource 2 [mem 0xe6a00000-0xe6afffff 64bit pref]
[    2.935511] pci_bus 0000:08: resource 1 [mem 0xfc000000-0xfc0fffff]
[    2.935930] pci_bus 0000:08: resource 2 [mem 0xe6600000-0xe66fffff 64bit pref]
[    2.936414] pci_bus 0000:09: resource 1 [mem 0xfbc00000-0xfbcfffff]
[    2.936834] pci_bus 0000:09: resource 2 [mem 0xe6200000-0xe62fffff 64bit pref]
[    2.937320] pci_bus 0000:0a: resource 1 [mem 0xfb800000-0xfb8fffff]
[    2.937741] pci_bus 0000:0a: resource 2 [mem 0xe5e00000-0xe5efffff 64bit pref]
[    2.938236] pci_bus 0000:0b: resource 0 [io  0x5000-0x5fff]
[    2.938632] pci_bus 0000:0b: resource 1 [mem 0xfd300000-0xfd3fffff]
[    2.939077] pci_bus 0000:0b: resource 2 [mem 0xe7900000-0xe79fffff 64bit pref]
[    2.939574] pci_bus 0000:0c: resource 0 [io  0x9000-0x9fff]
[    2.939966] pci_bus 0000:0c: resource 1 [mem 0xfcf00000-0xfcffffff]
[    2.940408] pci_bus 0000:0c: resource 2 [mem 0xe7500000-0xe75fffff 64bit pref]
[    2.941860] pci_bus 0000:0d: resource 0 [io  0xd000-0xdfff]
[    2.942265] pci_bus 0000:0d: resource 1 [mem 0xfcb00000-0xfcbfffff]
[    2.942720] pci_bus 0000:0d: resource 2 [mem 0xe7100000-0xe71fffff 64bit pref]
[    2.943224] pci_bus 0000:0e: resource 1 [mem 0xfc700000-0xfc7fffff]
[    2.943665] pci_bus 0000:0e: resource 2 [mem 0xe6d00000-0xe6dfffff 64bit pref]
[    2.944161] pci_bus 0000:0f: resource 1 [mem 0xfc300000-0xfc3fffff]
[    2.944599] pci_bus 0000:0f: resource 2 [mem 0xe6900000-0xe69fffff 64bit pref]
[    2.945094] pci_bus 0000:10: resource 1 [mem 0xfbf00000-0xfbffffff]
[    2.945525] pci_bus 0000:10: resource 2 [mem 0xe6500000-0xe65fffff 64bit pref]
[    2.946021] pci_bus 0000:11: resource 1 [mem 0xfbb00000-0xfbbfffff]
[    2.946453] pci_bus 0000:11: resource 2 [mem 0xe6100000-0xe61fffff 64bit pref]
[    2.946973] pci_bus 0000:12: resource 1 [mem 0xfb700000-0xfb7fffff]
[    2.947399] pci_bus 0000:12: resource 2 [mem 0xe5d00000-0xe5dfffff 64bit pref]
[    2.947884] pci_bus 0000:13: resource 0 [io  0x6000-0x6fff]
[    2.948265] pci_bus 0000:13: resource 1 [mem 0xfd200000-0xfd2fffff]
[    2.948683] pci_bus 0000:13: resource 2 [mem 0xe7800000-0xe78fffff 64bit pref]
[    2.949170] pci_bus 0000:14: resource 0 [io  0xa000-0xafff]
[    2.949543] pci_bus 0000:14: resource 1 [mem 0xfce00000-0xfcefffff]
[    2.949952] pci_bus 0000:14: resource 2 [mem 0xe7400000-0xe74fffff 64bit pref]
[    2.950421] pci_bus 0000:15: resource 0 [io  0xe000-0xefff]
[    2.950794] pci_bus 0000:15: resource 1 [mem 0xfca00000-0xfcafffff]
[    2.951193] pci_bus 0000:15: resource 2 [mem 0xe7000000-0xe70fffff 64bit pref]
[    2.951644] pci_bus 0000:16: resource 1 [mem 0xfc600000-0xfc6fffff]
[    2.952038] pci_bus 0000:16: resource 2 [mem 0xe6c00000-0xe6cfffff 64bit pref]
[    2.952490] pci_bus 0000:17: resource 1 [mem 0xfc200000-0xfc2fffff]
[    2.952887] pci_bus 0000:17: resource 2 [mem 0xe6800000-0xe68fffff 64bit pref]
[    2.953345] pci_bus 0000:18: resource 1 [mem 0xfbe00000-0xfbefffff]
[    2.953745] pci_bus 0000:18: resource 2 [mem 0xe6400000-0xe64fffff 64bit pref]
[    2.954240] pci_bus 0000:19: resource 1 [mem 0xfba00000-0xfbafffff]
[    2.954666] pci_bus 0000:19: resource 2 [mem 0xe6000000-0xe60fffff 64bit pref]
[    2.955137] pci_bus 0000:1a: resource 1 [mem 0xfb600000-0xfb6fffff]
[    2.955562] pci_bus 0000:1a: resource 2 [mem 0xe5c00000-0xe5cfffff 64bit pref]
[    2.956025] pci_bus 0000:1b: resource 0 [io  0x7000-0x7fff]
[    2.956382] pci_bus 0000:1b: resource 1 [mem 0xfd100000-0xfd1fffff]
[    2.956822] pci_bus 0000:1b: resource 2 [mem 0xe7700000-0xe77fffff 64bit pref]
[    2.957265] pci_bus 0000:1c: resource 0 [io  0xb000-0xbfff]
[    2.957614] pci_bus 0000:1c: resource 1 [mem 0xfcd00000-0xfcdfffff]
[    2.958032] pci_bus 0000:1c: resource 2 [mem 0xe7300000-0xe73fffff 64bit pref]
[    2.958475] pci_bus 0000:1d: resource 1 [mem 0xfc900000-0xfc9fffff]
[    2.958867] pci_bus 0000:1d: resource 2 [mem 0xe6f00000-0xe6ffffff 64bit pref]
[    2.959308] pci_bus 0000:1e: resource 1 [mem 0xfc500000-0xfc5fffff]
[    2.959720] pci_bus 0000:1e: resource 2 [mem 0xe6b00000-0xe6bfffff 64bit pref]
[    2.960164] pci_bus 0000:1f: resource 1 [mem 0xfc100000-0xfc1fffff]
[    2.960550] pci_bus 0000:1f: resource 2 [mem 0xe6700000-0xe67fffff 64bit pref]
[    2.961010] pci_bus 0000:20: resource 1 [mem 0xfbd00000-0xfbdfffff]
[    2.961455] pci_bus 0000:20: resource 2 [mem 0xe6300000-0xe63fffff 64bit pref]
[    2.961885] pci_bus 0000:21: resource 1 [mem 0xfb900000-0xfb9fffff]
[    2.962253] pci_bus 0000:21: resource 2 [mem 0xe5f00000-0xe5ffffff 64bit pref]
[    2.962680] pci_bus 0000:22: resource 1 [mem 0xfb500000-0xfb5fffff]
[    2.963046] pci_bus 0000:22: resource 2 [mem 0xe5b00000-0xe5bfffff 64bit pref]
[    2.963601] pci 0000:00:00.0: Limiting direct PCI/PCI transfers
[    2.964942] pci 0000:02:01.0: CLS mismatch (32 != 64), using 64 bytes
[    2.965791] PCI-DMA: Using software bounce buffering for IO (SWIOTLB)
[    2.966192] software IO TLB: mapped [mem 0x00000000bbed0000-0x00000000bfed0000] (64MB)
[    2.966704] clocksource: tsc: mask: 0xffffffffffffffff max_cycles: 0x22df1149949, max_idle_ns: 440795312789 ns
[    2.967016] Trying to unpack rootfs image as initramfs...
[    2.967717] clocksource: Switched to clocksource tsc
[    2.969793] Initialise system trusted keyrings
[    2.970132] Key type blacklist registered
[    2.970490] workingset: timestamp_bits=36 max_order=20 bucket_order=0
[    2.973484] zbud: loaded
[    2.978523] squashfs: version 4.0 (2009/01/31) Phillip Lougher
[    2.979247] fuse: init (API version 7.34)
[    2.979707] integrity: Platform Keyring initialized
[    2.984276] Key type asymmetric registered
[    2.984527] Asymmetric key parser 'x509' registered
[    2.984841] Block layer SCSI generic (bsg) driver version 0.4 loaded (major 243)
[    2.985324] io scheduler mq-deadline registered
[    2.986578] pcieport 0000:00:15.0: PME: Signaling with IRQ 24
[    2.987012] pcieport 0000:00:15.0: pciehp: Slot #160 AttnBtn+ PwrCtrl+ MRL- AttnInd- PwrInd- HotPlug+ Surprise- Interlock- NoCompl+ IbPresDis- LLActRep+
[    2.988450] pcieport 0000:00:15.1: PME: Signaling with IRQ 25
[    2.988854] pcieport 0000:00:15.1: pciehp: Slot #161 AttnBtn+ PwrCtrl+ MRL- AttnInd- PwrInd- HotPlug+ Surprise- Interlock- NoCompl+ IbPresDis- LLActRep+
[    2.990322] pcieport 0000:00:15.2: PME: Signaling with IRQ 26
[    2.990881] pcieport 0000:00:15.2: pciehp: Slot #162 AttnBtn+ PwrCtrl+ MRL- AttnInd- PwrInd- HotPlug+ Surprise- Interlock- NoCompl+ IbPresDis- LLActRep+
[    2.992365] pcieport 0000:00:15.3: PME: Signaling with IRQ 27
[    2.992768] pcieport 0000:00:15.3: pciehp: Slot #163 AttnBtn+ PwrCtrl+ MRL- AttnInd- PwrInd- HotPlug+ Surprise- Interlock- NoCompl+ IbPresDis- LLActRep+
[    2.994281] pcieport 0000:00:15.4: PME: Signaling with IRQ 28
[    2.994728] pcieport 0000:00:15.4: pciehp: Slot #164 AttnBtn+ PwrCtrl+ MRL- AttnInd- PwrInd- HotPlug+ Surprise- Interlock- NoCompl+ IbPresDis- LLActRep+
[    2.996488] pcieport 0000:00:15.5: PME: Signaling with IRQ 29
[    2.996931] pcieport 0000:00:15.5: pciehp: Slot #165 AttnBtn+ PwrCtrl+ MRL- AttnInd- PwrInd- HotPlug+ Surprise- Interlock- NoCompl+ IbPresDis- LLActRep+
[    2.998677] pcieport 0000:00:15.6: PME: Signaling with IRQ 30
[    2.999168] pcieport 0000:00:15.6: pciehp: Slot #166 AttnBtn+ PwrCtrl+ MRL- AttnInd- PwrInd- HotPlug+ Surprise- Interlock- NoCompl+ IbPresDis- LLActRep+
[    3.000837] pcieport 0000:00:15.7: PME: Signaling with IRQ 31
[    3.001330] pcieport 0000:00:15.7: pciehp: Slot #167 AttnBtn+ PwrCtrl+ MRL- AttnInd- PwrInd- HotPlug+ Surprise- Interlock- NoCompl+ IbPresDis- LLActRep+
[    3.003471] pcieport 0000:00:16.0: PME: Signaling with IRQ 32
[    3.003921] pcieport 0000:00:16.0: pciehp: Slot #192 AttnBtn+ PwrCtrl+ MRL- AttnInd- PwrInd- HotPlug+ Surprise- Interlock- NoCompl+ IbPresDis- LLActRep+
[    3.005671] pcieport 0000:00:16.1: PME: Signaling with IRQ 33
[    3.006268] pcieport 0000:00:16.1: pciehp: Slot #193 AttnBtn+ PwrCtrl+ MRL- AttnInd- PwrInd- HotPlug+ Surprise- Interlock- NoCompl+ IbPresDis- LLActRep+
[    3.008124] pcieport 0000:00:16.2: PME: Signaling with IRQ 34
[    3.008575] pcieport 0000:00:16.2: pciehp: Slot #194 AttnBtn+ PwrCtrl+ MRL- AttnInd- PwrInd- HotPlug+ Surprise- Interlock- NoCompl+ IbPresDis- LLActRep+
[    3.010255] pcieport 0000:00:16.3: PME: Signaling with IRQ 35
[    3.010701] pcieport 0000:00:16.3: pciehp: Slot #195 AttnBtn+ PwrCtrl+ MRL- AttnInd- PwrInd- HotPlug+ Surprise- Interlock- NoCompl+ IbPresDis- LLActRep+
[    3.012285] pcieport 0000:00:16.4: PME: Signaling with IRQ 36
[    3.012738] pcieport 0000:00:16.4: pciehp: Slot #196 AttnBtn+ PwrCtrl+ MRL- AttnInd- PwrInd- HotPlug+ Surprise- Interlock- NoCompl+ IbPresDis- LLActRep+
[    3.014301] pcieport 0000:00:16.5: PME: Signaling with IRQ 37
[    3.014759] pcieport 0000:00:16.5: pciehp: Slot #197 AttnBtn+ PwrCtrl+ MRL- AttnInd- PwrInd- HotPlug+ Surprise- Interlock- NoCompl+ IbPresDis- LLActRep+
[    3.016694] pcieport 0000:00:16.6: PME: Signaling with IRQ 38
[    3.017144] pcieport 0000:00:16.6: pciehp: Slot #198 AttnBtn+ PwrCtrl+ MRL- AttnInd- PwrInd- HotPlug+ Surprise- Interlock- NoCompl+ IbPresDis- LLActRep+
[    3.019629] pcieport 0000:00:16.7: PME: Signaling with IRQ 39
[    3.020068] pcieport 0000:00:16.7: pciehp: Slot #199 AttnBtn+ PwrCtrl+ MRL- AttnInd- PwrInd- HotPlug+ Surprise- Interlock- NoCompl+ IbPresDis- LLActRep+
[    3.021770] pcieport 0000:00:17.0: PME: Signaling with IRQ 40
[    3.022202] pcieport 0000:00:17.0: pciehp: Slot #224 AttnBtn+ PwrCtrl+ MRL- AttnInd- PwrInd- HotPlug+ Surprise- Interlock- NoCompl+ IbPresDis- LLActRep+
[    3.024519] pcieport 0000:00:17.1: PME: Signaling with IRQ 41
[    3.025009] pcieport 0000:00:17.1: pciehp: Slot #225 AttnBtn+ PwrCtrl+ MRL- AttnInd- PwrInd- HotPlug+ Surprise- Interlock- NoCompl+ IbPresDis- LLActRep+
[    3.026593] pcieport 0000:00:17.2: PME: Signaling with IRQ 42
[    3.027057] pcieport 0000:00:17.2: pciehp: Slot #226 AttnBtn+ PwrCtrl+ MRL- AttnInd- PwrInd- HotPlug+ Surprise- Interlock- NoCompl+ IbPresDis- LLActRep+
[    3.028621] pcieport 0000:00:17.3: PME: Signaling with IRQ 43
[    3.029056] pcieport 0000:00:17.3: pciehp: Slot #227 AttnBtn+ PwrCtrl+ MRL- AttnInd- PwrInd- HotPlug+ Surprise- Interlock- NoCompl+ IbPresDis- LLActRep+
[    3.030721] pcieport 0000:00:17.4: PME: Signaling with IRQ 44
[    3.031170] pcieport 0000:00:17.4: pciehp: Slot #228 AttnBtn+ PwrCtrl+ MRL- AttnInd- PwrInd- HotPlug+ Surprise- Interlock- NoCompl+ IbPresDis- LLActRep+
[    3.032791] pcieport 0000:00:17.5: PME: Signaling with IRQ 45
[    3.033240] pcieport 0000:00:17.5: pciehp: Slot #229 AttnBtn+ PwrCtrl+ MRL- AttnInd- PwrInd- HotPlug+ Surprise- Interlock- NoCompl+ IbPresDis- LLActRep+
[    3.035005] pcieport 0000:00:17.6: PME: Signaling with IRQ 46
[    3.035457] pcieport 0000:00:17.6: pciehp: Slot #230 AttnBtn+ PwrCtrl+ MRL- AttnInd- PwrInd- HotPlug+ Surprise- Interlock- NoCompl+ IbPresDis- LLActRep+
[    3.037289] pcieport 0000:00:17.7: PME: Signaling with IRQ 47
[    3.037770] pcieport 0000:00:17.7: pciehp: Slot #231 AttnBtn+ PwrCtrl+ MRL- AttnInd- PwrInd- HotPlug+ Surprise- Interlock- NoCompl+ IbPresDis- LLActRep+
[    3.039409] pcieport 0000:00:18.0: PME: Signaling with IRQ 48
[    3.039859] pcieport 0000:00:18.0: pciehp: Slot #256 AttnBtn+ PwrCtrl+ MRL- AttnInd- PwrInd- HotPlug+ Surprise- Interlock- NoCompl+ IbPresDis- LLActRep+
[    3.041447] pcieport 0000:00:18.1: PME: Signaling with IRQ 49
[    3.041905] pcieport 0000:00:18.1: pciehp: Slot #257 AttnBtn+ PwrCtrl+ MRL- AttnInd- PwrInd- HotPlug+ Surprise- Interlock- NoCompl+ IbPresDis- LLActRep+
[    3.043576] pcieport 0000:00:18.2: PME: Signaling with IRQ 50
[    3.044031] pcieport 0000:00:18.2: pciehp: Slot #258 AttnBtn+ PwrCtrl+ MRL- AttnInd- PwrInd- HotPlug+ Surprise- Interlock- NoCompl+ IbPresDis- LLActRep+
[    3.045646] pcieport 0000:00:18.3: PME: Signaling with IRQ 51
[    3.046096] pcieport 0000:00:18.3: pciehp: Slot #259 AttnBtn+ PwrCtrl+ MRL- AttnInd- PwrInd- HotPlug+ Surprise- Interlock- NoCompl+ IbPresDis- LLActRep+
[    3.047847] pcieport 0000:00:18.4: PME: Signaling with IRQ 52
[    3.048323] pcieport 0000:00:18.4: pciehp: Slot #260 AttnBtn+ PwrCtrl+ MRL- AttnInd- PwrInd- HotPlug+ Surprise- Interlock- NoCompl+ IbPresDis- LLActRep+
[    3.051481] pcieport 0000:00:18.5: PME: Signaling with IRQ 53
[    3.051934] pcieport 0000:00:18.5: pciehp: Slot #261 AttnBtn+ PwrCtrl+ MRL- AttnInd- PwrInd- HotPlug+ Surprise- Interlock- NoCompl+ IbPresDis- LLActRep+
[    3.053837] pcieport 0000:00:18.6: PME: Signaling with IRQ 54
[    3.054285] pcieport 0000:00:18.6: pciehp: Slot #262 AttnBtn+ PwrCtrl+ MRL- AttnInd- PwrInd- HotPlug+ Surprise- Interlock- NoCompl+ IbPresDis- LLActRep+
[    3.055898] pcieport 0000:00:18.7: PME: Signaling with IRQ 55
[    3.056340] pcieport 0000:00:18.7: pciehp: Slot #263 AttnBtn+ PwrCtrl+ MRL- AttnInd- PwrInd- HotPlug+ Surprise- Interlock- NoCompl+ IbPresDis- LLActRep+
[    3.057596] shpchp: Standard Hot Plug PCI Controller Driver version: 0.4
[    3.058796] ACPI: AC: AC Adapter [ACAD] (on-line)
[    3.059327] input: Power Button as /devices/LNXSYSTM:00/LNXPWRBN:00/input/input0
[    3.059831] ACPI: button: Power Button [PWRF]
[    3.060801] Serial: 8250/16550 driver, 32 ports, IRQ sharing enabled
[    3.063175] Linux agpgart interface v0.103
[    3.063832] agpgart-intel 0000:00:00.0: Intel 440BX Chipset
[    3.073762] agpgart-intel 0000:00:00.0: AGP aperture is 256M @ 0x0
[    3.102847] loop: module loaded
[    3.103254] ata_piix 0000:00:07.1: version 2.13
[    3.104065] scsi host0: ata_piix
[    3.104569] scsi host1: ata_piix
[    3.104845] ata1: PATA max UDMA/33 cmd 0x1f0 ctl 0x3f6 bmdma 0x1060 irq 14
[    3.105262] ata2: PATA max UDMA/33 cmd 0x170 ctl 0x376 bmdma 0x1068 irq 15
[    3.106037] tun: Universal TUN/TAP device driver, 1.6
[    3.106395] PPP generic driver version 2.4.2
[    3.106718] VFIO - User Level meta-driver version: 0.3
[    3.107186] ehci_hcd: USB 2.0 'Enhanced' Host Controller (EHCI) Driver
[    3.107589] ehci-pci: EHCI PCI platform driver
[    3.108181] ehci-pci 0000:02:03.0: EHCI Host Controller
[    3.108527] ehci-pci 0000:02:03.0: new USB bus registered, assigned bus number 1
[    3.109173] ehci-pci 0000:02:03.0: irq 17, io mem 0xfd5cf000
[    3.122787] ehci-pci 0000:02:03.0: USB 2.0 started, EHCI 1.00
[    3.123214] usb usb1: New USB device found, idVendor=1d6b, idProduct=0002, bcdDevice= 5.15
[    3.123849] usb usb1: New USB device strings: Mfr=3, Product=2, SerialNumber=1
[    3.124292] usb usb1: Product: EHCI Host Controller
[    3.124672] usb usb1: Manufacturer: Linux 5.15.72-56eae305c-prague-91 ehci_hcd
[    3.125109] usb usb1: SerialNumber: 0000:02:03.0
[    3.125639] hub 1-0:1.0: USB hub found
[    3.125931] hub 1-0:1.0: 6 ports detected
[    3.126644] ehci-platform: EHCI generic platform driver
[    3.126978] ohci_hcd: USB 1.1 'Open' Host Controller (OHCI) Driver
[    3.127349] ohci-pci: OHCI PCI platform driver
[    3.127639] ohci-platform: OHCI generic platform driver
[    3.127961] uhci_hcd: USB Universal Host Controller Interface driver
[    3.128707] uhci_hcd 0000:02:00.0: UHCI Host Controller
[    3.129029] uhci_hcd 0000:02:00.0: new USB bus registered, assigned bus number 2
[    3.129485] uhci_hcd 0000:02:00.0: detected 2 ports
[    3.129881] uhci_hcd 0000:02:00.0: irq 18, io base 0x00002400
[    3.130524] usb usb2: New USB device found, idVendor=1d6b, idProduct=0001, bcdDevice= 5.15
[    3.131024] usb usb2: New USB device strings: Mfr=3, Product=2, SerialNumber=1
[    3.131472] usb usb2: Product: UHCI Host Controller
[    3.131780] usb usb2: Manufacturer: Linux 5.15.72-56eae305c-prague-91 uhci_hcd
[    3.132209] usb usb2: SerialNumber: 0000:02:00.0
[    3.132578] hub 2-0:1.0: USB hub found
[    3.132842] hub 2-0:1.0: 2 ports detected
[    3.133313] i8042: PNP: PS/2 Controller [PNP0303:KBC,PNP0f13:MOUS] at 0x60,0x64 irq 1,12
[    3.134489] serio: i8042 KBD port at 0x60,0x64 irq 1
[    3.134814] serio: i8042 AUX port at 0x60,0x64 irq 12
[    3.135332] mousedev: PS/2 mouse device common for all mice
[    3.137211] rtc_cmos 00:01: registered as rtc0
[    3.137560] rtc_cmos 00:01: setting system clock to 2025-05-06T04:29:34 UTC (1746505774)
[    3.138054] rtc_cmos 00:01: alarms up to one month, y3k, 114 bytes nvram, hpet irqs
[    3.138558] i2c_dev: i2c /dev entries driver
[    3.139022] device-mapper: core: CONFIG_IMA_DISABLE_HTABLE is disabled. Duplicate IMA measurements will not be recorded in the IMA log.
[    3.139849] device-mapper: uevent: version 1.0.3
[    3.140307] device-mapper: ioctl: 4.45.0-ioctl (2021-03-22) initialised: dm-devel@redhat.com
[    3.140855] input: AT Translated Set 2 keyboard as /devices/platform/i8042/serio0/input/input1
[    3.141565] platform eisa.0: Probing EISA bus 0
[    3.141867] platform eisa.0: EISA: Cannot allocate resource for mainboard
[    3.142284] platform eisa.0: Cannot allocate resource for EISA slot 1
[    3.142687] platform eisa.0: Cannot allocate resource for EISA slot 2
[    3.143148] platform eisa.0: Cannot allocate resource for EISA slot 3
[    3.143540] platform eisa.0: Cannot allocate resource for EISA slot 4
[    3.143931] platform eisa.0: Cannot allocate resource for EISA slot 5
[    3.144321] platform eisa.0: Cannot allocate resource for EISA slot 6
[    3.144736] platform eisa.0: Cannot allocate resource for EISA slot 7
[    3.145125] platform eisa.0: Cannot allocate resource for EISA slot 8
[    3.145515] platform eisa.0: EISA: Detected 0 cards
[    3.145828] intel_pstate: CPU model not supported
[    3.146204] ledtrig-cpu: registered to indicate activity on CPUs
[    3.147097] drop_monitor: Initializing network drop monitor service
[    3.147707] NET: Registered PF_INET6 protocol family
[    3.374659] usb 2-1: new full-speed USB device number 2 using uhci_hcd
[    3.535802] usb 2-1: New USB device found, idVendor=0e0f, idProduct=0003, bcdDevice= 1.03
[    3.536326] usb 2-1: New USB device strings: Mfr=1, Product=2, SerialNumber=0
[    3.536751] usb 2-1: Product: VMware Virtual USB Mouse
[    3.537188] usb 2-1: Manufacturer: VMware
[    3.670622] usb 2-2: new full-speed USB device number 3 using uhci_hcd
[    3.831773] usb 2-2: New USB device found, idVendor=0e0f, idProduct=0002, bcdDevice= 1.00
[    3.832281] usb 2-2: New USB device strings: Mfr=1, Product=2, SerialNumber=0
[    3.832699] usb 2-2: Product: VMware Virtual USB Hub
[    3.833008] usb 2-2: Manufacturer: VMware, Inc.
[    3.840851] hub 2-2:1.0: USB hub found
[    3.844302] hub 2-2:1.0: 7 ports detected
[    4.028146] Freeing initrd memory: 96308K
[    4.034212] Segment Routing with IPv6
[    4.034471] In-situ OAM (IOAM) with IPv6
[    4.034749] NET: Registered PF_PACKET protocol family
[    4.035141] Key type dns_resolver registered
[    4.035569] IPI shorthand broadcast: enabled
[    4.035854] sched_clock: Marking stable (3853759250, 181778110)->(4035243474, 293886)
[    4.037257] registered taskstats version 1
[    4.037606] Loading compiled-in X.509 certificates
[    4.039116] Loaded X.509 cert 'Build time autogenerated kernel key: 41cda4e54b221e9b2e07833f36beb3841c5228d6'
[    4.120216] zswap: loaded using pool lzo/zbud
[    4.121576] Key type ._fscrypt registered
[    4.121887] Key type .fscrypt registered
[    4.122143] Key type fscrypt-provisioning registered
[    4.126806] Key type encrypted registered
[    4.127091] AppArmor: AppArmor sha1 policy hashing enabled
[    4.127444] ima: No TPM chip found, activating TPM-bypass!
[    4.127781] Loading compiled-in module X.509 certificates
[    4.128543] Loaded X.509 cert 'Build time autogenerated kernel key: 41cda4e54b221e9b2e07833f36beb3841c5228d6'
[    4.129102] ima: Allocated hash algorithm: sha1
[    4.129385] ima: No architecture policies found
[    4.129685] evm: Initialising EVM extended attributes:
[    4.129997] evm: security.selinux
[    4.130220] evm: security.SMACK64
[    4.130443] evm: security.SMACK64EXEC
[    4.130705] evm: security.SMACK64TRANSMUTE
[    4.130963] evm: security.SMACK64MMAP
[    4.131201] evm: security.apparmor
[    4.131426] evm: security.ima
[    4.131632] evm: security.capability
[    4.131868] evm: HMAC attrs: 0x1
[    4.132335] PM:   Magic number: 9:790:463
[    4.132701] acpi PNP0C80:c5: hash matches
[    4.133324] RAS: Correctable Errors collector initialized.
[    4.140435] Freeing unused decrypted memory: 2036K
[    4.141247] Freeing unused kernel image (initmem) memory: 3212K
[    4.150660] Write protecting the kernel read-only data: 24576k
[    4.151450] Freeing unused kernel image (text/rodata gap) memory: 2036K
[    4.152043] Freeing unused kernel image (rodata/data gap) memory: 528K
[    4.157895] x86/mm: Checked W+X mappings: passed, no W+X pages found.
[    4.158344] x86/mm: Checking user space page tables
[    4.163890] x86/mm: Checked W+X mappings: passed, no W+X pages found.
[    4.164346] Run /init as init process
[    4.164607]   with arguments:
[    4.164608]     /init
[    4.164609]   with environment:
[    4.164609]     HOME=/
[    4.164610]     TERM=linux
[    4.164610]     BOOT_IMAGE=/vmlinuz-5.15.72-56eae305c-prague-91
[    4.433382] piix4_smbus 0000:00:07.3: SMBus Host Controller not enabled!
[    4.440160] Fusion MPT base driver 3.04.20
[    4.440493] Copyright (c) 1999-2008 LSI Corporation
[    4.442263] Fusion MPT SPI Host driver 3.04.20
[    4.444727] e1000: Intel(R) PRO/1000 Network Driver
[    4.445059] e1000: Copyright (c) 1999-2006 Intel Corporation.
[    4.449300] hid: raw HID events driver (C) Jiri Kosina
[    4.450001] ahci 0000:02:04.0: version 3.0
[    4.455425] usbcore: registered new interface driver usbhid
[    4.455828] usbhid: USB HID core driver
[    4.461167] ahci 0000:02:04.0: AHCI 0001.0300 32 slots 30 ports 6 Gbps 0x3fffffff impl SATA mode
[    4.461741] ahci 0000:02:04.0: flags: 64bit ncq clo only 
[    4.463824] vmwgfx 0000:00:0f.0: vgaarb: deactivate vga console
[    4.464332] Console: switching to colour dummy device 80x25
[    4.464738] [TTM] Zone  kernel: Available graphics memory: 1994180 KiB
[    4.464779] vmwgfx 0000:00:0f.0: [drm] FIFO at 0x00000000fe000000 size is 8192 kiB
[    4.464791] vmwgfx 0000:00:0f.0: [drm] VRAM at 0x00000000e8000000 size is 131072 kiB
[    4.464821] vmwgfx 0000:00:0f.0: [drm] Running on SVGA version 2.
[    4.464847] vmwgfx 0000:00:0f.0: [drm] DMA map mode: Caching DMA mappings.
[    4.466288] vmwgfx 0000:00:0f.0: [drm] Legacy memory limits: VRAM = 4096 kB, FIFO = 256 kB, surface = 0 kB
[    4.466291] vmwgfx 0000:00:0f.0: [drm] MOB limits: max mob size = 1048576 kB, max mob pages = 2097152
[    4.466294] vmwgfx 0000:00:0f.0: [drm] Capabilities: rect copy, cursor, cursor bypass, cursor bypass 2, 8bit emulation, alpha cursor, 3D, extended fifo, multimon, pitchlock, irq mask, display topology, gmr, traces, gmr2, screen object 2, command buffers, command buffers 2, gbobject, dx, hp cmd queue, no bb restriction, cap2 register, 
[    4.466297] vmwgfx 0000:00:0f.0: [drm] Capabilities2: grow otable, intra surface copy, dx2, gb memsize 2, screendma reg, otable ptdepth2, non ms to ms stretchblt, cursor mob, mshint, cb max size 4mb, dx3, frame type, trace full fb, extra regs, lo staging, 
[    4.466299] vmwgfx 0000:00:0f.0: [drm] Max GMR ids is 64
[    4.466300] vmwgfx 0000:00:0f.0: [drm] Max number of GMR pages is 65536
[    4.466301] vmwgfx 0000:00:0f.0: [drm] Maximum display memory size is 262144 kiB
[    4.475871] mptbase: ioc0: Initiating bringup
[    4.476878] input: VirtualPS/2 VMware VMMouse as /devices/platform/i8042/serio1/input/input4
[    4.477069] input: VirtualPS/2 VMware VMMouse as /devices/platform/i8042/serio1/input/input3
[    4.494732] scsi host2: ahci
[    4.500476] scsi host3: ahci
[    4.506617] cryptd: max_cpu_qlen set to 1000
[    4.509957] AVX2 version of gcm_enc/dec engaged.
[    4.509989] AES CTR mode by8 optimization enabled
[    4.512768] scsi host4: ahci
[    4.524080] scsi host5: ahci
[    4.527286] vmwgfx 0000:00:0f.0: [drm] Screen Target display unit initialized
[    4.530498] vmwgfx 0000:00:0f.0: [drm] Fifo max 0x00040000 min 0x00001000 cap 0x0000077f
[    4.537269] scsi host6: ahci
[    4.556653] vmwgfx 0000:00:0f.0: [drm] Using command buffers with DMA pool.
[    4.556723] scsi host7: ahci
[    4.562672] scsi host8: ahci
